Component: Arm Compiler for Embedded 6.18 Tool: armlink [5e4cc000]

==============================================================================

Section Cross References

    startup_SSE300MPS3.o(.ARM.exidx.text.NMI_Handler) refers to startup_SSE300MPS3.o(.text.NMI_Handler) for [Anonymous Symbol]
    startup_SSE300MPS3.o(.ARM.exidx.text.HardFault_Handler) refers to startup_SSE300MPS3.o(.text.HardFault_Handler) for [Anonymous Symbol]
    startup_SSE300MPS3.o(.ARM.exidx.text.MemManage_Handler) refers to startup_SSE300MPS3.o(.text.MemManage_Handler) for [Anonymous Symbol]
    startup_SSE300MPS3.o(.ARM.exidx.text.BusFault_Handler) refers to startup_SSE300MPS3.o(.text.BusFault_Handler) for [Anonymous Symbol]
    startup_SSE300MPS3.o(.ARM.exidx.text.UsageFault_Handler) refers to startup_SSE300MPS3.o(.text.UsageFault_Handler) for [Anonymous Symbol]
    startup_SSE300MPS3.o(.ARM.exidx.text.SecureFault_Handler) refers to startup_SSE300MPS3.o(.text.SecureFault_Handler) for [Anonymous Symbol]
    startup_SSE300MPS3.o(.ARM.exidx.text.SVC_Handler) refers to startup_SSE300MPS3.o(.text.SVC_Handler) for [Anonymous Symbol]
    startup_SSE300MPS3.o(.ARM.exidx.text.DebugMon_Handler) refers to startup_SSE300MPS3.o(.text.DebugMon_Handler) for [Anonymous Symbol]
    startup_SSE300MPS3.o(.ARM.exidx.text.PendSV_Handler) refers to startup_SSE300MPS3.o(.text.PendSV_Handler) for [Anonymous Symbol]
    startup_SSE300MPS3.o(.ARM.exidx.text.SysTick_Handler) refers to startup_SSE300MPS3.o(.text.SysTick_Handler) for [Anonymous Symbol]
    startup_SSE300MPS3.o(.ARM.exidx.text.NONSEC_WATCHDOG_RESET_REQ_Handler) refers to startup_SSE300MPS3.o(.text.NONSEC_WATCHDOG_RESET_REQ_Handler) for [Anonymous Symbol]
    startup_SSE300MPS3.o(.ARM.exidx.text.NONSEC_WATCHDOG_Handler) refers to startup_SSE300MPS3.o(.text.NONSEC_WATCHDOG_Handler) for [Anonymous Symbol]
    startup_SSE300MPS3.o(.ARM.exidx.text.SLOWCLK_Timer_Handler) refers to startup_SSE300MPS3.o(.text.SLOWCLK_Timer_Handler) for [Anonymous Symbol]
    startup_SSE300MPS3.o(.ARM.exidx.text.TFM_TIMER0_IRQ_Handler) refers to startup_SSE300MPS3.o(.text.TFM_TIMER0_IRQ_Handler) for [Anonymous Symbol]
    startup_SSE300MPS3.o(.ARM.exidx.text.TIMER1_Handler) refers to startup_SSE300MPS3.o(.text.TIMER1_Handler) for [Anonymous Symbol]
    startup_SSE300MPS3.o(.ARM.exidx.text.TIMER2_Handler) refers to startup_SSE300MPS3.o(.text.TIMER2_Handler) for [Anonymous Symbol]
    startup_SSE300MPS3.o(.ARM.exidx.text.MPC_Handler) refers to startup_SSE300MPS3.o(.text.MPC_Handler) for [Anonymous Symbol]
    startup_SSE300MPS3.o(.ARM.exidx.text.PPC_Handler) refers to startup_SSE300MPS3.o(.text.PPC_Handler) for [Anonymous Symbol]
    startup_SSE300MPS3.o(.ARM.exidx.text.MSC_Handler) refers to startup_SSE300MPS3.o(.text.MSC_Handler) for [Anonymous Symbol]
    startup_SSE300MPS3.o(.ARM.exidx.text.BRIDGE_ERROR_Handler) refers to startup_SSE300MPS3.o(.text.BRIDGE_ERROR_Handler) for [Anonymous Symbol]
    startup_SSE300MPS3.o(.ARM.exidx.text.MGMT_PPU_Handler) refers to startup_SSE300MPS3.o(.text.MGMT_PPU_Handler) for [Anonymous Symbol]
    startup_SSE300MPS3.o(.ARM.exidx.text.SYS_PPU_Handler) refers to startup_SSE300MPS3.o(.text.SYS_PPU_Handler) for [Anonymous Symbol]
    startup_SSE300MPS3.o(.ARM.exidx.text.CPU0_PPU_Handler) refers to startup_SSE300MPS3.o(.text.CPU0_PPU_Handler) for [Anonymous Symbol]
    startup_SSE300MPS3.o(.ARM.exidx.text.DEBUG_PPU_Handler) refers to startup_SSE300MPS3.o(.text.DEBUG_PPU_Handler) for [Anonymous Symbol]
    startup_SSE300MPS3.o(.ARM.exidx.text.TIMER3_AON_Handler) refers to startup_SSE300MPS3.o(.text.TIMER3_AON_Handler) for [Anonymous Symbol]
    startup_SSE300MPS3.o(.ARM.exidx.text.CPU0_CTI_0_Handler) refers to startup_SSE300MPS3.o(.text.CPU0_CTI_0_Handler) for [Anonymous Symbol]
    startup_SSE300MPS3.o(.ARM.exidx.text.CPU0_CTI_1_Handler) refers to startup_SSE300MPS3.o(.text.CPU0_CTI_1_Handler) for [Anonymous Symbol]
    startup_SSE300MPS3.o(.ARM.exidx.text.System_Timestamp_Counter_Handler) refers to startup_SSE300MPS3.o(.text.System_Timestamp_Counter_Handler) for [Anonymous Symbol]
    startup_SSE300MPS3.o(.ARM.exidx.text.UARTRX0_Handler) refers to startup_SSE300MPS3.o(.text.UARTRX0_Handler) for [Anonymous Symbol]
    startup_SSE300MPS3.o(.ARM.exidx.text.UARTTX0_Handler) refers to startup_SSE300MPS3.o(.text.UARTTX0_Handler) for [Anonymous Symbol]
    startup_SSE300MPS3.o(.ARM.exidx.text.UARTRX1_Handler) refers to startup_SSE300MPS3.o(.text.UARTRX1_Handler) for [Anonymous Symbol]
    startup_SSE300MPS3.o(.ARM.exidx.text.UARTTX1_Handler) refers to startup_SSE300MPS3.o(.text.UARTTX1_Handler) for [Anonymous Symbol]
    startup_SSE300MPS3.o(.ARM.exidx.text.UARTRX2_Handler) refers to startup_SSE300MPS3.o(.text.UARTRX2_Handler) for [Anonymous Symbol]
    startup_SSE300MPS3.o(.ARM.exidx.text.UARTTX2_Handler) refers to startup_SSE300MPS3.o(.text.UARTTX2_Handler) for [Anonymous Symbol]
[...]
    tvmgen_det_fused_nn_conv2d_add_add_clip_multiply_divide_55 0x000278e1   Thumb Code  2732  det_lib1.o(.text.tvmgen_det_fused_nn_conv2d_add_add_clip_multiply_divide_55)
    tvmgen_det_fused_nn_conv2d_add_add_clip_multiply_divide_56 0x0002838d   Thumb Code  3480  det_lib1.o(.text.tvmgen_det_fused_nn_conv2d_add_add_clip_multiply_divide_56)
    tvmgen_det_fused_nn_conv2d_add_add_clip_multiply_divide_57 0x00029125   Thumb Code  2732  det_lib1.o(.text.tvmgen_det_fused_nn_conv2d_add_add_clip_multiply_divide_57)
    tvmgen_det_fused_nn_conv2d_add_add_clip_multiply_divide_58 0x00029bd1   Thumb Code  3480  det_lib1.o(.text.tvmgen_det_fused_nn_conv2d_add_add_clip_multiply_divide_58)
    tvmgen_det_fused_nn_conv2d_add_add_clip_multiply_divide_59 0x0002a969   Thumb Code  2728  det_lib1.o(.text.tvmgen_det_fused_nn_conv2d_add_add_clip_multiply_divide_59)
    tvmgen_det_fused_nn_conv2d_add_add_clip_multiply_divide_6 0x0002b411   Thumb Code   840  det_lib1.o(.text.tvmgen_det_fused_nn_conv2d_add_add_clip_multiply_divide_6)
    tvmgen_det_fused_nn_conv2d_add_add_clip_multiply_divide_60 0x0002b759   Thumb Code  3472  det_lib1.o(.text.tvmgen_det_fused_nn_conv2d_add_add_clip_multiply_divide_60)
    tvmgen_det_fused_nn_conv2d_add_add_clip_multiply_divide_61 0x0002c4e9   Thumb Code  2736  det_lib1.o(.text.tvmgen_det_fused_nn_conv2d_add_add_clip_multiply_divide_61)
    tvmgen_det_fused_nn_conv2d_add_add_clip_multiply_divide_62 0x0002cf99   Thumb Code  3480  det_lib1.o(.text.tvmgen_det_fused_nn_conv2d_add_add_clip_multiply_divide_62)
    tvmgen_det_fused_nn_conv2d_add_add_clip_multiply_divide_63 0x0002dd31   Thumb Code  2732  det_lib1.o(.text.tvmgen_det_fused_nn_conv2d_add_add_clip_multiply_divide_63)
    tvmgen_det_fused_nn_conv2d_add_add_clip_multiply_divide_64 0x0002e7dd   Thumb Code  2724  det_lib1.o(.text.tvmgen_det_fused_nn_conv2d_add_add_clip_multiply_divide_64)
    tvmgen_det_fused_nn_conv2d_add_add_clip_multiply_divide_65 0x0002f281   Thumb Code  1752  det_lib1.o(.text.tvmgen_det_fused_nn_conv2d_add_add_clip_multiply_divide_65)
    tvmgen_det_fused_nn_conv2d_add_add_clip_multiply_divide_66 0x0002f959   Thumb Code  1756  det_lib1.o(.text.tvmgen_det_fused_nn_conv2d_add_add_clip_multiply_divide_66)
    tvmgen_det_fused_nn_conv2d_add_add_clip_multiply_divide_67 0x00030035   Thumb Code   744  det_lib1.o(.text.tvmgen_det_fused_nn_conv2d_add_add_clip_multiply_divide_67)
    tvmgen_det_fused_nn_conv2d_add_add_clip_multiply_divide_68 0x0003031d   Thumb Code  1768  det_lib1.o(.text.tvmgen_det_fused_nn_conv2d_add_add_clip_multiply_divide_68)
    tvmgen_det_fused_nn_conv2d_add_add_clip_multiply_divide_69 0x00030a05   Thumb Code   744  det_lib1.o(.text.tvmgen_det_fused_nn_conv2d_add_add_clip_multiply_divide_69)
    tvmgen_det_fused_nn_conv2d_add_add_clip_multiply_divide_7 0x00030ced   Thumb Code  2024  det_lib1.o(.text.tvmgen_det_fused_nn_conv2d_add_add_clip_multiply_divide_7)
    tvmgen_det_fused_nn_conv2d_add_add_clip_multiply_divide_70 0x000314d5   Thumb Code  1768  det_lib1.o(.text.tvmgen_det_fused_nn_conv2d_add_add_clip_multiply_divide_70)
    tvmgen_det_fused_nn_conv2d_add_add_clip_multiply_divide_71 0x00031bbd   Thumb Code   740  det_lib1.o(.text.tvmgen_det_fused_nn_conv2d_add_add_clip_multiply_divide_71)
    tvmgen_det_fused_nn_conv2d_add_add_clip_multiply_divide_72 0x00031ea1   Thumb Code   736  det_lib1.o(.text.tvmgen_det_fused_nn_conv2d_add_add_clip_multiply_divide_72)
    tvmgen_det_fused_nn_conv2d_add_add_clip_multiply_divide_73 0x00032181   Thumb Code  6168  det_lib1.o(.text.tvmgen_det_fused_nn_conv2d_add_add_clip_multiply_divide_73)
    tvmgen_det_fused_nn_conv2d_add_add_clip_multiply_divide_74 0x00033999   Thumb Code  6168  det_lib1.o(.text.tvmgen_det_fused_nn_conv2d_add_add_clip_multiply_divide_74)
    tvmgen_det_fused_nn_conv2d_add_add_clip_multiply_divide_75 0x000351b1   Thumb Code  6164  det_lib1.o(.text.tvmgen_det_fused_nn_conv2d_add_add_clip_multiply_divide_75)
    tvmgen_det_fused_nn_conv2d_add_add_clip_multiply_divide_76 0x000369c5   Thumb Code  1224  det_lib1.o(.text.tvmgen_det_fused_nn_conv2d_add_add_clip_multiply_divide_76)
    tvmgen_det_fused_nn_conv2d_add_add_clip_multiply_divide_8 0x00036e8d   Thumb Code  4144  det_lib1.o(.text.tvmgen_det_fused_nn_conv2d_add_add_clip_multiply_divide_8)
    tvmgen_det_fused_nn_conv2d_add_add_clip_multiply_divide_9 0x00037ebd   Thumb Code  4340  det_lib1.o(.text.tvmgen_det_fused_nn_conv2d_add_add_clip_multiply_divide_9)
    tvmgen_det_fused_nn_conv2d_add_add_clip_multiply_divide_add 0x00038fb1   Thumb Code   764  det_lib1.o(.text.tvmgen_det_fused_nn_conv2d_add_add_clip_multiply_divide_add)
    tvmgen_det_fused_nn_conv2d_add_nn_relu   0x000392ad   Thumb Code   392  det_lib1.o(.text.tvmgen_det_fused_nn_conv2d_add_nn_relu)
    tvmgen_det_fused_nn_conv2d_add_nn_relu_1 0x00039435   Thumb Code   392  det_lib1.o(.text.tvmgen_det_fused_nn_conv2d_add_nn_relu_1)
    tvmgen_det_fused_nn_conv2d_add_sigmoid   0x000395bd   Thumb Code   364  det_lib1.o(.text.tvmgen_det_fused_nn_conv2d_add_sigmoid)
    tvmgen_det_fused_nn_conv2d_add_sigmoid_1 0x00039729   Thumb Code   364  det_lib1.o(.text.tvmgen_det_fused_nn_conv2d_add_sigmoid_1)
    tvmgen_det_fused_nn_conv2d_add_sigmoid_2 0x00039895   Thumb Code   364  det_lib1.o(.text.tvmgen_det_fused_nn_conv2d_add_sigmoid_2)
    tvmgen_det_fused_nn_conv2d_add_sigmoid_3 0x00039a01   Thumb Code   360  det_lib1.o(.text.tvmgen_det_fused_nn_conv2d_add_sigmoid_3)
    tvmgen_det_fused_nn_conv2d_add_sigmoid_4 0x00039b69   Thumb Code   692  det_lib1.o(.text.tvmgen_det_fused_nn_conv2d_add_sigmoid_4)
    tvmgen_det_fused_nn_conv2d_add_sigmoid_5 0x00039e1d   Thumb Code   692  det_lib1.o(.text.tvmgen_det_fused_nn_conv2d_add_sigmoid_5)
    tvmgen_det_fused_nn_conv2d_add_sigmoid_6 0x0003a0d1   Thumb Code   692  det_lib1.o(.text.tvmgen_det_fused_nn_conv2d_add_sigmoid_6)
    tvmgen_det_fused_nn_conv2d_add_sigmoid_7 0x0003a385   Thumb Code   346  det_lib1.o(.text.tvmgen_det_fused_nn_conv2d_add_sigmoid_7)
    tvmgen_det_fused_nn_conv2d_add_sigmoid_multiply_sqrt 0x0003a4e1   Thumb Code  1854  det_lib1.o(.text.tvmgen_det_fused_nn_conv2d_add_sigmoid_multiply_sqrt)
    tvmgen_det_fused_nn_conv2d_add_sigmoid_multiply_sqrt_1 0x0003ac21   Thumb Code  1854  det_lib1.o(.text.tvmgen_det_fused_nn_conv2d_add_sigmoid_multiply_sqrt_1)
    tvmgen_det_fused_nn_conv2d_add_sigmoid_multiply_sqrt_2 0x0003b361   Thumb Code  1128  det_lib1.o(.text.tvmgen_det_fused_nn_conv2d_add_sigmoid_multiply_sqrt_2)
    tvmgen_det_fused_nn_conv2d_add_sigmoid_multiply_sqrt_3 0x0003b7c9   Thumb Code   630  det_lib1.o(.text.tvmgen_det_fused_nn_conv2d_add_sigmoid_multiply_sqrt_3)
    tvmgen_det_fused_nn_global_avg_pool2d    0x0003ba41   Thumb Code   212  det_lib1.o(.text.tvmgen_det_fused_nn_global_avg_pool2d)
    tvmgen_det_fused_nn_global_avg_pool2d_1  0x0003bb15   Thumb Code   216  det_lib1.o(.text.tvmgen_det_fused_nn_global_avg_pool2d_1)
    tvmgen_det_fused_nn_global_avg_pool2d_2  0x0003bbed   Thumb Code   212  det_lib1.o(.text.tvmgen_det_fused_nn_global_avg_pool2d_2)
    tvmgen_det_fused_nn_global_avg_pool2d_3  0x0003bcc1   Thumb Code   212  det_lib1.o(.text.tvmgen_det_fused_nn_global_avg_pool2d_3)
    tvmgen_det_fused_nn_global_avg_pool2d_4  0x0003bd95   Thumb Code   212  det_lib1.o(.text.tvmgen_det_fused_nn_global_avg_pool2d_4)
    tvmgen_det_fused_nn_global_avg_pool2d_5  0x0003be69   Thumb Code   204  det_lib1.o(.text.tvmgen_det_fused_nn_global_avg_pool2d_5)
    tvmgen_det_fused_nn_matmul               0x0003bf35   Thumb Code   134  det_lib1.o(.text.tvmgen_det_fused_nn_matmul)
    tvmgen_det_fused_nn_matmul_1             0x0003bfbd   Thumb Code   134  det_lib1.o(.text.tvmgen_det_fused_nn_matmul_1)
    tvmgen_det_fused_nn_matmul_2             0x0003c045   Thumb Code   134  det_lib1.o(.text.tvmgen_det_fused_nn_matmul_2)
    tvmgen_det_fused_nn_matmul_3             0x0003c0cd   Thumb Code   132  det_lib1.o(.text.tvmgen_det_fused_nn_matmul_3)
    tvmgen_det_fused_nn_softmax              0x0003c151   Thumb Code   374  det_lib1.o(.text.tvmgen_det_fused_nn_softmax)
    tvmgen_det_fused_nn_softmax_1            0x0003c2c9   Thumb Code   374  det_lib1.o(.text.tvmgen_det_fused_nn_softmax_1)
    tvmgen_det_fused_nn_softmax_2            0x0003c441   Thumb Code   366  det_lib1.o(.text.tvmgen_det_fused_nn_softmax_2)
    tvmgen_det_fused_nn_softmax_3            0x0003c5b1   Thumb Code   362  det_lib1.o(.text.tvmgen_det_fused_nn_softmax_3)
    tvmgen_det_fused_reshape_reshape_reshape_reshape_concatenate 0x0003c71d   Thumb Code   504  det_lib1.o(.text.tvmgen_det_fused_reshape_reshape_reshape_reshape_concatenate)
    tvmgen_det_fused_squeeze_expand_dims_multiply_layout_transform 0x0003c915   Thumb Code   174  det_lib1.o(.text.tvmgen_det_fused_squeeze_expand_dims_multiply_layout_transform)
    tvmgen_det_fused_squeeze_expand_dims_multiply_layout_transform_1 0x0003c9c5   Thumb Code   170  det_lib1.o(.text.tvmgen_det_fused_squeeze_expand_dims_multiply_layout_transform_1)
    tvmgen_det_fused_squeeze_expand_dims_multiply_layout_transform_2 0x0003ca71   Thumb Code   180  det_lib1.o(.text.tvmgen_det_fused_squeeze_expand_dims_multiply_layout_transform_2)
    tvmgen_det_fused_squeeze_expand_dims_multiply_layout_transform_3 0x0003cb25   Thumb Code   180  det_lib1.o(.text.tvmgen_det_fused_squeeze_expand_dims_multiply_layout_transform_3)
    tvmgen_det_fused_squeeze_expand_dims_multiply_layout_transform_4 0x0003cbd9   Thumb Code   180  det_lib1.o(.text.tvmgen_det_fused_squeeze_expand_dims_multiply_layout_transform_4)
    tvmgen_det_fused_squeeze_expand_dims_multiply_layout_transform_5 0x0003cc8d   Thumb Code   222  det_lib1.o(.text.tvmgen_det_fused_squeeze_expand_dims_multiply_layout_transform_5)
    tvmgen_det_fused_squeeze_reshape_squeeze_reshape_squeeze_reshape_squeeze_reshape_concatenat_3778f7e529c91271_ 0x0003cd6d   Thumb Code  1162  det_lib1.o(.text.tvmgen_det_fused_squeeze_reshape_squeeze_reshape_squeeze_reshape_squeeze_reshape_concatenat_3778f7e529c91271_)
    tvmgen_det_fused_transpose_reshape       0x0003d1f9   Thumb Code   136  det_lib1.o(.text.tvmgen_det_fused_transpose_reshape)
    tvmgen_det_fused_transpose_reshape_1     0x0003d281   Thumb Code   136  det_lib1.o(.text.tvmgen_det_fused_transpose_reshape_1)
    tvmgen_det_fused_transpose_reshape_2     0x0003d309   Thumb Code   134  det_lib1.o(.text.tvmgen_det_fused_transpose_reshape_2)
    tvmgen_det_fused_transpose_reshape_3     0x0003d391   Thumb Code   132  det_lib1.o(.text.tvmgen_det_fused_transpose_reshape_3)
    tvmgen_det_run                           0x0003d415   Thumb Code    48  det_lib0.o(.text.tvmgen_det_run)
    uart_cmsdk_clear_interrupt               0x0003d445   Thumb Code    86  uart_cmsdk_drv.o(.text.uart_cmsdk_clear_interrupt)
    uart_cmsdk_init                          0x0003d49d   Thumb Code   104  uart_cmsdk_drv.o(.text.uart_cmsdk_init)
    uart_cmsdk_irq_rx_disable                0x0003d505   Thumb Code    40  uart_cmsdk_drv.o(.text.uart_cmsdk_irq_rx_disable)
    uart_cmsdk_irq_rx_enable                 0x0003d52d   Thumb Code    58  uart_cmsdk_drv.o(.text.uart_cmsdk_irq_rx_enable)
    uart_cmsdk_irq_tx_disable                0x0003d569   Thumb Code    40  uart_cmsdk_drv.o(.text.uart_cmsdk_irq_tx_disable)
    uart_cmsdk_irq_tx_enable                 0x0003d591   Thumb Code    58  uart_cmsdk_drv.o(.text.uart_cmsdk_irq_tx_enable)
    uart_cmsdk_read                          0x0003d5cd   Thumb Code    58  uart_cmsdk_drv.o(.text.uart_cmsdk_read)
    uart_cmsdk_rx_disable                    0x0003d609   Thumb Code    40  uart_cmsdk_drv.o(.text.uart_cmsdk_rx_disable)
    uart_cmsdk_rx_enable                     0x0003d631   Thumb Code    58  uart_cmsdk_drv.o(.text.uart_cmsdk_rx_enable)
    uart_cmsdk_rx_ready                      0x0003d66d   Thumb Code    48  uart_cmsdk_drv.o(.text.uart_cmsdk_rx_ready)
    uart_cmsdk_set_baudrate                  0x0003d69d   Thumb Code   108  uart_cmsdk_drv.o(.text.uart_cmsdk_set_baudrate)
    uart_cmsdk_tx_disable                    0x0003d709   Thumb Code    40  uart_cmsdk_drv.o(.text.uart_cmsdk_tx_disable)
    uart_cmsdk_tx_enable                     0x0003d731   Thumb Code    58  uart_cmsdk_drv.o(.text.uart_cmsdk_tx_enable)
    uart_cmsdk_write                         0x0003d76d   Thumb Code    58  uart_cmsdk_drv.o(.text.uart_cmsdk_write)
    _btod_d2e                                0x0003d7a7   Thumb Code    62  btod.o(CL$$btod_d2e)
    _d2e_denorm_low                          0x0003d7e5   Thumb Code    70  btod.o(CL$$btod_d2e_denorm_low)
    _d2e_norm_op1                            0x0003d82b   Thumb Code    96  btod.o(CL$$btod_d2e_norm_op1)
    __btod_div_common                        0x0003d88d   Thumb Code   696  btod.o(CL$$btod_div_common)
    _e2e                                     0x0003dbc5   Thumb Code   220  btod.o(CL$$btod_e2e)
    _btod_ediv                               0x0003dca1   Thumb Code    42  btod.o(CL$$btod_ediv)
    _btod_emul                               0x0003dccb   Thumb Code    42  btod.o(CL$$btod_emul)
    __btod_mult_common                       0x0003dcf5   Thumb Code   580  btod.o(CL$$btod_mult_common)
    __ARM_fpclassify                         0x0003df39   Thumb Code    48  fpclassify.o(i.__ARM_fpclassify)
    __ARM_fpclassifyf                        0x0003df69   Thumb Code    38  fpclassifyf.o(i.__ARM_fpclassifyf)
    __hardfp_expf                            0x0003df91   Thumb Code   430  expf.o(i.__hardfp_expf)
    __mathlib_expf                           0x0003df91   Thumb Code     0  expf.o(i.__hardfp_expf)
    __hardfp_sqrtf                           0x0003e17d   Thumb Code    58  sqrtf.o(i.__hardfp_sqrtf)
    __mathlib_flt_infnan                     0x0003e1b7   Thumb Code     6  funder.o(i.__mathlib_flt_infnan)
    __mathlib_flt_overflow                   0x0003e1bd   Thumb Code    10  funder.o(i.__mathlib_flt_overflow)
    __mathlib_flt_underflow                  0x0003e1cd   Thumb Code    10  funder.o(i.__mathlib_flt_underflow)
    _is_digit                                0x0003e1dd   Thumb Code    14  __printf_wp.o(i._is_digit)
    fputc                                    0x0003e1eb   Thumb Code    28  fputc.o(i.fputc)
    _get_lc_numeric                          0x0003e209   Thumb Code    44  lc_numeric_c.o(locale$$code)
    _get_lc_ctype                            0x0003e235   Thumb Code    44  lc_ctype_c.o(locale$$code)
    _fp_init                                 0x0003e261   Thumb Code    30  fpinit_81m.o(x$fpl$fpinit)
    __fplib_config_fpu_vfp                   0x0003e27d   Thumb Code     0  fpinit_81m.o(x$fpl$fpinit)
    __fplib_config_pureend_doubles           0x0003e27d   Thumb Code     0  fpinit_81m.o(x$fpl$fpinit)
    _printf_fp_dec                           0x0003e27f   Thumb Code     4  printf1.o(x$fpl$printf1)
    _printf_fp_hex                           0x0003e283   Thumb Code     4  printf2.o(x$fpl$printf2)
    __I$use$fp                               0x0003e286   Number         0  usenofp.o(x$fpl$usenofp)
    Driver_USART0                            0x0003e3c8   Data          56  Driver_USART.o(.rodata.Driver_USART0)
    __stderr_name                            0x0003e410   Data           8  retarget_io.o(.rodata.__stderr_name)
    __stdin_name                             0x0003e418   Data           7  retarget_io.o(.rodata.__stdin_name)
    __stdout_name                            0x0003e41f   Data           8  retarget_io.o(.rodata.__stdout_name)
    Region$$Table$$Base                      0x0003e484   Number         0  anon$$obj.o(Region$$Table)
    Region$$Table$$Limit                     0x0003e4d4   Number         0  anon$$obj.o(Region$$Table)
    __ctype                                  0x0003e4fd   Data           0  lc_ctype_c.o(locale$$data)
    Image$$ARM_LIB_HEAP$$ZI$$Base            0x11040000   Number         0  anon$$obj.o ABSOLUTE
    Image$$ARM_LIB_HEAP$$ZI$$Limit           0x11100000   Number         0  anon$$obj.o ABSOLUTE
    __aeabi_stdin                            0x20000000   Data           4  stdio_streams.o(.data)
    __aeabi_stdout                           0x20000004   Data           4  stdio_streams.o(.data)
    __aeabi_stderr                           0x20000008   Data           4  stdio_streams.o(.data)
    PeripheralClock                          0x20000054   Data           4  system_SSE300MPS3.o(.data.PeripheralClock)
    SystemCoreClock                          0x20000058   Data           4  system_SSE300MPS3.o(.data.SystemCoreClock)
    UART0_CMSDK_DEV_S                        0x2000005c   Data           8  device_definition.o(.data.UART0_CMSDK_DEV_S)
    UART1_CMSDK_DEV_S                        0x20000064   Data           8  device_definition.o(.data.UART1_CMSDK_DEV_S)
    __stdin                                  0x2000006c   Data          84  stdio_streams.o(.bss)
    __stdout                                 0x200000c0   Data          84  stdio_streams.o(.bss)
    __stderr                                 0x20000114   Data          84  stdio_streams.o(.bss)
    __libspace_start                         0x20000168   Data          96  libspace.o(.bss)
    __temporary_stack_top$libspace           0x200001c8   Data           0  libspace.o(.bss)
    Image$$ARM_LIB_STACK$$ZI$$Base           0x20060000   Number         0  anon$$obj.o ABSOLUTE
    Image$$ARM_LIB_STACK$$ZI$$Limit          0x20068000   Number         0  anon$$obj.o ABSOLUTE
    input                                    0x60000000   Data       122880  main.o(.data.tvm)
    output0                                  0x6001e000   Data       34000  main.o(.data.tvm)
    output1                                  0x600264d0   Data       680000  main.o(.data.tvm)



==============================================================================

Memory Map of the image

  Image Entry point : 0x0000024d

  Load Region LOAD_REGION_0 (Base: 0x00000000, Size: 0x0003e670, Max: 0x00080000, ABSOLUTE)

    Execution Region itcm.bin (Exec base: 0x00000000, Load base: 0x00000000, Size: 0x0003e600, Max: 0x00080000, ABSOLUTE)

    Exec Addr    Load Addr    Size         Type   Attr      Idx    E Section Name        Object

    0x00000000   0x00000000   0x0000024c   Data   RO          231    RESET               startup_SSE300MPS3.o
    0x0000024c   0x0000024c   0x00000008   Code   RO         3809  * !!!main             c_w.l(__main.o)
    0x00000254   0x00000254   0x00000034   Code   RO         4434    !!!scatter          c_w.l(__scatter.o)
    0x00000288   0x00000288   0x0000005a   Code   RO         4432    !!dczerorl2         c_w.l(__dczerorl2.o)
    0x000002e2   0x000002e2   0x00000002   PAD
    0x000002e4   0x000002e4   0x0000001a   Code   RO         4436    !!handler_copy      c_w.l(__scatter_copy.o)
    0x000002fe   0x000002fe   0x00000002   PAD
    0x00000300   0x00000300   0x0000001c   Code   RO         4438    !!handler_zi        c_w.l(__scatter_zi.o)
    0x0000031c   0x0000031c   0x00000000   Code   RO         3953    .ARM.Collect$$_printf_percent$$00000000  c_w.l(_printf_percent.o)
    0x0000031c   0x0000031c   0x00000006   Code   RO         3942    .ARM.Collect$$_printf_percent$$00000001  c_w.l(_printf_n.o)
    0x00000322   0x00000322   0x00000006   Code   RO         3944    .ARM.Collect$$_printf_percent$$00000002  c_w.l(_printf_p.o)
    0x00000328   0x00000328   0x00000006   Code   RO         3949    .ARM.Collect$$_printf_percent$$00000003  c_w.l(_printf_f.o)
    0x0000032e   0x0000032e   0x00000006   Code   RO         3950    .ARM.Collect$$_printf_percent$$00000004  c_w.l(_printf_e.o)
    0x00000334   0x00000334   0x00000006   Code   RO         3951    .ARM.Collect$$_printf_percent$$00000005  c_w.l(_printf_g.o)
    0x0000033a   0x0000033a   0x00000006   Code   RO         3952    .ARM.Collect$$_printf_percent$$00000006  c_w.l(_printf_a.o)
    0x00000340   0x00000340   0x0000000a   Code   RO         3957    .ARM.Collect$$_printf_percent$$00000007  c_w.l(_printf_ll.o)
    0x0000034a   0x0000034a   0x00000006   Code   RO         3946    .ARM.Collect$$_printf_percent$$00000008  c_w.l(_printf_i.o)
    0x00000350   0x00000350   0x00000006   Code   RO         3947    .ARM.Collect$$_printf_percent$$00000009  c_w.l(_printf_d.o)
    0x00000356   0x00000356   0x00000006   Code   RO         3948    .ARM.Collect$$_printf_percent$$0000000A  c_w.l(_printf_u.o)
    0x0000035c   0x0000035c   0x00000006   Code   RO         3945    .ARM.Collect$$_printf_percent$$0000000B  c_w.l(_printf_o.o)
    0x00000362   0x00000362   0x00000006   Code   RO         3943    .ARM.Collect$$_printf_percent$$0000000C  c_w.l(_printf_x.o)
    0x00000368   0x00000368   0x00000006   Code   RO         3954    .ARM.Collect$$_printf_percent$$0000000D  c_w.l(_printf_lli.o)
    0x0000036e   0x0000036e   0x00000006   Code   RO         3955    .ARM.Collect$$_printf_percent$$0000000E  c_w.l(_printf_lld.o)
    0x00000374   0x00000374   0x00000006   Code   RO         3956    .ARM.Collect$$_printf_percent$$0000000F  c_w.l(_printf_llu.o)
    0x0000037a   0x0000037a   0x00000006   Code   RO         3961    .ARM.Collect$$_printf_percent$$00000010  c_w.l(_printf_llo.o)
    0x00000380   0x00000380   0x00000006   Code   RO         3962    .ARM.Collect$$_printf_percent$$00000011  c_w.l(_printf_llx.o)
    0x00000386   0x00000386   0x0000000a   Code   RO         3958    .ARM.Collect$$_printf_percent$$00000012  c_w.l(_printf_l.o)
    0x00000390   0x00000390   0x00000006   Code   RO         3940    .ARM.Collect$$_printf_percent$$00000013  c_w.l(_printf_c.o)
    0x00000396   0x00000396   0x00000006   Code   RO         3941    .ARM.Collect$$_printf_percent$$00000014  c_w.l(_printf_s.o)
    0x0000039c   0x0000039c   0x00000006   Code   RO         3959    .ARM.Collect$$_printf_percent$$00000015  c_w.l(_printf_lc.o)
    0x000003a2   0x000003a2   0x00000006   Code   RO         3960    .ARM.Collect$$_printf_percent$$00000016  c_w.l(_printf_ls.o)
    0x000003a8   0x000003a8   0x00000004   Code   RO         4138    .ARM.Collect$$_printf_percent$$00000017  c_w.l(_printf_percent_end.o)
    0x000003ac   0x000003ac   0x00000002   Code   RO         4334    .ARM.Collect$$libinit$$00000000  c_w.l(libinit.o)
    0x000003ae   0x000003ae   0x00000004   Code   RO         4170    .ARM.Collect$$libinit$$00000001  c_w.l(libinit2.o)
    0x000003b2   0x000003b2   0x00000000   Code   RO         4173    .ARM.Collect$$libinit$$00000004  c_w.l(libinit2.o)
    0x000003b2   0x000003b2   0x00000000   Code   RO         4175    .ARM.Collect$$libinit$$00000006  c_w.l(libinit2.o)
    0x000003b2   0x000003b2   0x00000008   Code   RO         4390    .ARM.Collect$$libinit$$0000000A  c_w.l(libinit5.o)
    0x000003ba   0x000003ba   0x00000000   Code   RO         4178    .ARM.Collect$$libinit$$0000000C  c_w.l(libinit2.o)
    0x000003ba   0x000003ba   0x00000000   Code   RO         4180    .ARM.Collect$$libinit$$0000000E  c_w.l(libinit2.o)
    0x000003ba   0x000003ba   0x00000000   Code   RO         4182    .ARM.Collect$$libinit$$00000010  c_w.l(libinit2.o)
    0x000003ba   0x000003ba   0x00000006   Code   RO         4183    .ARM.Collect$$libinit$$00000011  c_w.l(libinit2.o)
    0x000003c0   0x000003c0   0x00000000   Code   RO         4185    .ARM.Collect$$libinit$$00000013  c_w.l(libinit2.o)
    0x000003c0   0x000003c0   0x0000000c   Code   RO         4186    .ARM.Collect$$libinit$$00000014  c_w.l(libinit2.o)
    0x000003cc   0x000003cc   0x00000000   Code   RO         4187    .ARM.Collect$$libinit$$00000015  c_w.l(libinit2.o)
    0x000003cc   0x000003cc   0x00000000   Code   RO         4189    .ARM.Collect$$libinit$$00000017  c_w.l(libinit2.o)
    0x000003cc   0x000003cc   0x0000000a   Code   RO         4190    .ARM.Collect$$libinit$$00000018  c_w.l(libinit2.o)
    0x000003d6   0x000003d6   0x00000000   Code   RO         4191    .ARM.Collect$$libinit$$00000019  c_w.l(libinit2.o)
    0x000003d6   0x000003d6   0x00000000   Code   RO         4193    .ARM.Collect$$libinit$$0000001B  c_w.l(libinit2.o)
    0x000003d6   0x000003d6   0x00000000   Code   RO         4195    .ARM.Collect$$libinit$$0000001D  c_w.l(libinit2.o)
    0x000003d6   0x000003d6   0x00000000   Code   RO         4197    .ARM.Collect$$libinit$$0000001F  c_w.l(libinit2.o)
    0x000003d6   0x000003d6   0x00000000   Code   RO         4199    .ARM.Collect$$libinit$$00000021  c_w.l(libinit2.o)
    0x000003d6   0x000003d6   0x00000000   Code   RO         4201    .ARM.Collect$$libinit$$00000023  c_w.l(libinit2.o)
    0x000003d6   0x000003d6   0x00000000   Code   RO         4203    .ARM.Collect$$libinit$$00000025  c_w.l(libinit2.o)
    0x000003d6   0x000003d6   0x00000004   Code   RO         4204    .ARM.Collect$$libinit$$00000026  c_w.l(libinit2.o)
    0x000003da   0x000003da   0x00000000   Code   RO         4205    .ARM.Collect$$libinit$$00000027  c_w.l(libinit2.o)
    0x000003da   0x000003da   0x00000000   Code   RO         4209    .ARM.Collect$$libinit$$0000002E  c_w.l(libinit2.o)
    0x000003da   0x000003da   0x00000000   Code   RO         4211    .ARM.Collect$$libinit$$00000030  c_w.l(libinit2.o)
    0x000003da   0x000003da   0x00000000   Code   RO         4213    .ARM.Collect$$libinit$$00000032  c_w.l(libinit2.o)
    0x000003da   0x000003da   0x00000000   Code   RO         4215    .ARM.Collect$$libinit$$00000034  c_w.l(libinit2.o)
    0x000003da   0x000003da   0x00000002   Code   RO         4216    .ARM.Collect$$libinit$$00000035  c_w.l(libinit2.o)
    0x000003dc   0x000003dc   0x00000008   Code   RO         4391    .ARM.Collect$$libinit$$0000271B  c_w.l(libinit5.o)
    0x000003e4   0x000003e4   0x00000002   Code   RO         4335    .ARM.Collect$$libshutdown$$00000000  c_w.l(libshutdown.o)
    0x000003e6   0x000003e6   0x00000000   Code   RO         4218    .ARM.Collect$$libshutdown$$00000002  c_w.l(libshutdown2.o)
    0x000003e6   0x000003e6   0x00000004   Code   RO         4219    .ARM.Collect$$libshutdown$$00000003  c_w.l(libshutdown2.o)
    0x000003ea   0x000003ea   0x00000000   Code   RO         4220    .ARM.Collect$$libshutdown$$00000004  c_w.l(libshutdown2.o)
    0x000003ea   0x000003ea   0x00000000   Code   RO         4223    .ARM.Collect$$libshutdown$$00000007  c_w.l(libshutdown2.o)
    0x000003ea   0x000003ea   0x00000000   Code   RO         4226    .ARM.Collect$$libshutdown$$0000000A  c_w.l(libshutdown2.o)
    0x000003ea   0x000003ea   0x00000000   Code   RO         4228    .ARM.Collect$$libshutdown$$0000000C  c_w.l(libshutdown2.o)
    0x000003ea   0x000003ea   0x00000000   Code   RO         4231    .ARM.Collect$$libshutdown$$0000000F  c_w.l(libshutdown2.o)
    0x000003ea   0x000003ea   0x00000002   Code   RO         4232    .ARM.Collect$$libshutdown$$00000010  c_w.l(libshutdown2.o)
    0x000003ec   0x000003ec   0x00000000   Code   RO         3862    .ARM.Collect$$rtentry$$00000000  c_w.l(__rtentry.o)
    0x000003ec   0x000003ec   0x00000000   Code   RO         4032    .ARM.Collect$$rtentry$$00000002  c_w.l(__rtentry2.o)
    0x000003ec   0x000003ec   0x00000004   Code   RO         4046    .ARM.Collect$$rtentry$$00000007  c_w.l(__rtentry7.o)
    0x000003f0   0x000003f0   0x00000000   Code   RO         4034    .ARM.Collect$$rtentry$$00000009  c_w.l(__rtentry2.o)
    0x000003f0   0x000003f0   0x00000004   Code   RO         4035    .ARM.Collect$$rtentry$$0000000A  c_w.l(__rtentry2.o)
    0x000003f4   0x000003f4   0x00000000   Code   RO         4037    .ARM.Collect$$rtentry$$0000000C  c_w.l(__rtentry2.o)
    0x000003f4   0x000003f4   0x00000008   Code   RO         4038    .ARM.Collect$$rtentry$$0000000D  c_w.l(__rtentry2.o)
    0x000003fc   0x000003fc   0x00000004   Code   RO         4047    .ARM.Collect$$rtentry$$00002718  c_w.l(__rtentry7.o)
    0x00000400   0x00000400   0x00000002   Code   RO         3863    .ARM.Collect$$rtexit$$00000000  c_w.l(rtexit.o)
    0x00000402   0x00000402   0x00000000   Code   RO         4052    .ARM.Collect$$rtexit$$00000002  c_w.l(rtexit2.o)
    0x00000402   0x00000402   0x00000004   Code   RO         4053    .ARM.Collect$$rtexit$$00000003  c_w.l(rtexit2.o)
    0x00000406   0x00000406   0x00000006   Code   RO         4054    .ARM.Collect$$rtexit$$00000004  c_w.l(rtexit2.o)
    0x0000040c   0x0000040c   0x00000018   Code   RO         3783    .text               c_w.l(printf.o)
    0x00000424   0x00000424   0x00000012   Code   RO         3793    .text               c_w.l(exit.o)
    0x00000436   0x00000436   0x0000004e   Code   RO         3805    .text               c_w.l(rt_memclr_w.o)
    0x00000484   0x00000484   0x00000004   PAD
    0x00000488   0x00000488   0x0000007c   Code   RO         3807    .text               c_w.l(strcmpv8m_maindsp.o)
    0x00000504   0x00000504   0x00000016   Code   RO         3871    .text               c_w.l(_rserrno.o)
    0x0000051a   0x0000051a   0x0000004e   Code   RO         3875    .text               c_w.l(_printf_pad.o)
    0x00000568   0x00000568   0x00000024   Code   RO         3877    .text               c_w.l(_printf_truncate.o)
    0x0000058c   0x0000058c   0x00000052   Code   RO         3879    .text               c_w.l(_printf_str.o)
    0x000005de   0x000005de   0x00000002   PAD
    0x000005e0   0x000005e0   0x00000078   Code   RO         3881    .text               c_w.l(_printf_dec.o)
    0x00000658   0x00000658   0x00000028   Code   RO         3883    .text               c_w.l(_printf_charcount.o)
    0x00000680   0x00000680   0x00000024   Code   RO         3885    .text               c_w.l(_printf_char_file.o)
    0x000006a4   0x000006a4   0x000000bc   Code   RO         3887    .text               c_w.l(_printf_wctomb.o)
    0x00000760   0x00000760   0x0000007c   Code   RO         3890    .text               c_w.l(_printf_longlong_dec.o)
    0x000007dc   0x000007dc   0x00000070   Code   RO         3896    .text               c_w.l(_printf_oct_int_ll.o)
    0x0000084c   0x0000084c   0x00000094   Code   RO         3916    .text               c_w.l(_printf_hex_int_ll_ptr.o)
    0x000008e0   0x000008e0   0x00000188   Code   RO         3937    .text               c_w.l(__printf_flags_ss_wp.o)
    0x00000a68   0x00000a68   0x00000138   Code   RO         3963    .text               c_w.l(initio.o)
    0x00000ba0   0x00000ba0   0x0000000e   Code   RO         4021    .text               c_w.l(sys_wrch.o)
    0x00000bae   0x00000bae   0x00000002   PAD
    0x00000bb0   0x00000bb0   0x0000000c   Code   RO         4023    .text               c_w.l(sys_exit.o)
    0x00000bbc   0x00000bbc   0x00000008   Code   RO         4063    .text               c_w.l(rt_errno_addr_intlibspace.o)
    0x00000bc4   0x00000bc4   0x0000004e   Code   RO         4067    .text               c_w.l(h1_free.o)
    0x00000c12   0x00000c12   0x0000008a   Code   RO         4121    .text               c_w.l(lludiv10.o)
    0x00000c9c   0x00000c9c   0x000000b2   Code   RO         4123    .text               c_w.l(_printf_intcommon.o)
    0x00000d4e   0x00000d4e   0x0000041c   Code   RO         4125    .text               c_w.l(_printf_fp_dec.o)
    0x0000116a   0x0000116a   0x00000002   PAD
    0x0000116c   0x0000116c   0x000002fc   Code   RO         4129    .text               c_w.l(_printf_fp_hex.o)
    0x00001468   0x00001468   0x00000030   Code   RO         4132    .text               c_w.l(_printf_char_common.o)
    0x00001498   0x00001498   0x0000002c   Code   RO         4134    .text               c_w.l(_printf_char.o)
    0x000014c4   0x000014c4   0x0000002c   Code   RO         4136    .text               c_w.l(_printf_wchar.o)
    0x000014f0   0x000014f0   0x00000008   Code   RO         4139    .text               c_w.l(ferror.o)
    0x000014f8   0x000014f8   0x00000046   Code   RO         4145    .text               c_w.l(setvbuf.o)
    0x0000153e   0x0000153e   0x00000002   PAD
    0x00001540   0x00001540   0x000000f0   Code   RO         4148    .text               c_w.l(fopen.o)
    0x00001630   0x00001630   0x0000004c   Code   RO         4150    .text               c_w.l(fclose.o)
    0x0000167c   0x0000167c   0x00000048   Code   RO         4160    .text               c_w.l(_c16rtomb.o)
    0x000016c4   0x000016c4   0x0000000e   Code   RO         4166    .text               c_w.l(defsig_rtred_outer.o)
    0x000016d2   0x000016d2   0x00000002   Code   RO         4236    .text               c_w.l(use_no_semi.o)
    0x000016d4   0x000016d4   0x00000000   Code   RO         4238    .text               c_w.l(indicate_semi.o)
    0x000016d4   0x000016d4   0x00000010   Code   RO         4241    .text               c_w.l(rt_ctype_table.o)
    0x000016e4   0x000016e4   0x00000008   Code   RO         4248    .text               c_w.l(rt_heap_descriptor_intlibspace.o)
    0x000016ec   0x000016ec   0x00000008   Code   RO         4253    .text               c_w.l(rt_locale_intlibspace.o)
    0x000016f4   0x000016f4   0x00000004   Code   RO         4255    .text               c_w.l(hguard.o)
    0x000016f8   0x000016f8   0x0000008a   Code   RO         4257    .text               c_w.l(init_alloc.o)
    0x00001782   0x00001782   0x0000005e   Code   RO         4263    .text               c_w.l(h1_alloc.o)
    0x000017e0   0x000017e0   0x00000080   Code   RO         4275    .text               c_w.l(_printf_fp_infnan.o)
    0x00001860   0x00001860   0x000000e4   Code   RO         4279    .text               c_w.l(bigflt0.o)
    0x00001944   0x00001944   0x000001e2   Code   RO         4306    .text               c_w.l(flsbuf.o)
    0x00001b26   0x00001b26   0x00000002   PAD
    0x00001b28   0x00001b28   0x000000f8   Code   RO         4308    .text               c_w.l(fseek.o)
    0x00001c20   0x00001c20   0x000000f0   Code   RO         4310    .text               c_w.l(stdio.o)
    0x00001d10   0x00001d10   0x0000000a   Code   RO         4315    .text               c_w.l(defsig_exit.o)
    0x00001d1a   0x00001d1a   0x00000002   PAD
    0x00001d1c   0x00001d1c   0x00000034   Code   RO         4323    .text               c_w.l(defsig_rtred_inner.o)
    0x00001d50   0x00001d50   0x00000000   Code   RO         4344    .text               c_w.l(maybetermalloc1.o)
    0x00001d50   0x00001d50   0x0000000e   Code   RO         4346    .text               c_w.l(h1_init.o)
    0x00001d5e   0x00001d5e   0x00000034   Code   RO         4348    .text               c_w.l(h1_extend.o)
    0x00001d92   0x00001d92   0x00000042   Code   RO         4358    .text               c_w.l(ftell.o)
    0x00001dd4   0x00001dd4   0x00000032   Code   RO         4369    .text               c_w.l(defsig_general.o)
    0x00001e06   0x00001e06   0x0000000e   Code   RO         4373    .text               c_w.l(defsig_rtmem_outer.o)
    0x00001e14   0x00001e14   0x00000050   Code   RO         4412    .text               c_w.l(defsig_rtmem_inner.o)
    0x00001e64   0x00001e64   0x00000014   Code   RO         3413    .text.ARM_USART_GetCapabilities  Driver_USART.o
    0x00001e78   0x00001e78   0x00000014   Code   RO         3411    .text.ARM_USART_GetVersion  Driver_USART.o
    0x00001e8c   0x00001e8c   0x00000158   Code   RO         3489    .text.ARM_USARTx_Control  Driver_USART.o
    0x00001fe4   0x00001fe4   0x0000000c   Code   RO         3487    .text.ARM_USARTx_GetRxCount  Driver_USART.o
    0x00001ff0   0x00001ff0   0x00000036   Code   RO         3491    .text.ARM_USARTx_GetStatus  Driver_USART.o
    0x00002026   0x00002026   0x00000002   PAD
    0x00002028   0x00002028   0x0000000c   Code   RO         3485    .text.ARM_USARTx_GetTxCount  Driver_USART.o
    0x00002034   0x00002034   0x00000018   Code   RO         3467    .text.ARM_USARTx_Initialize  Driver_USART.o
    0x0000204c   0x0000204c   0x000000f2   Code   RO         3471    .text.ARM_USARTx_PowerControl  Driver_USART.o
    0x0000213e   0x0000213e   0x00000002   PAD
    0x00002140   0x00002140   0x00000082   Code   RO         3481    .text.ARM_USARTx_Receive  Driver_USART.o
    0x000021c2   0x000021c2   0x00000002   PAD
    0x000021c4   0x000021c4   0x00000078   Code   RO         3479    .text.ARM_USARTx_Send  Driver_USART.o
    0x0000223c   0x0000223c   0x0000003c   Code   RO         3483    .text.ARM_USARTx_Transfer  Driver_USART.o
    0x00002278   0x00002278   0x0000001e   Code   RO         3469    .text.ARM_USARTx_Uninitialize  Driver_USART.o
    0x00002296   0x00002296   0x00000002   PAD
    0x00002298   0x00002298   0x00000004   Code   RO           45    .text.BRIDGE_ERROR_Handler  startup_SSE300MPS3.o
    0x0000229c   0x0000229c   0x00000004   Code   RO           13    .text.BusFault_Handler  startup_SSE300MPS3.o
    0x000022a0   0x000022a0   0x00000004   Code   RO           57    .text.CPU0_CTI_0_Handler  startup_SSE300MPS3.o
    0x000022a4   0x000022a4   0x00000004   Code   RO           59    .text.CPU0_CTI_1_Handler  startup_SSE300MPS3.o
    0x000022a8   0x000022a8   0x00000004   Code   RO           51    .text.CPU0_PPU_Handler  startup_SSE300MPS3.o
    0x000022ac   0x000022ac   0x00000004   Code   RO           53    .text.DEBUG_PPU_Handler  startup_SSE300MPS3.o
    0x000022b0   0x000022b0   0x00000004   Code   RO           21    .text.DebugMon_Handler  startup_SSE300MPS3.o
    0x000022b4   0x000022b4   0x0000001c   Code   RO         3431    .text.Driver_USART0_Control  Driver_USART.o
    0x000022d0   0x000022d0   0x0000000c   Code   RO         3437    .text.Driver_USART0_GetModemStatus  Driver_USART.o
    0x000022dc   0x000022dc   0x00000010   Code   RO         3429    .text.Driver_USART0_GetRxCount  Driver_USART.o
    0x000022ec   0x000022ec   0x00000018   Code   RO         3433    .text.Driver_USART0_GetStatus  Driver_USART.o
    0x00002304   0x00002304   0x00000010   Code   RO         3427    .text.Driver_USART0_GetTxCount  Driver_USART.o
    0x00002314   0x00002314   0x00000018   Code   RO         3415    .text.Driver_USART0_Initialize  Driver_USART.o
    0x0000232c   0x0000232c   0x0000001c   Code   RO         3419    .text.Driver_USART0_PowerControl  Driver_USART.o
    0x00002348   0x00002348   0x0000001c   Code   RO         3423    .text.Driver_USART0_Receive  Driver_USART.o
    0x00002364   0x00002364   0x0000001c   Code   RO         3421    .text.Driver_USART0_Send  Driver_USART.o
    0x00002380   0x00002380   0x0000000e   Code   RO         3435    .text.Driver_USART0_SetModemControl  Driver_USART.o
    0x0000238e   0x0000238e   0x00000002   PAD
    0x00002390   0x00002390   0x00000020   Code   RO         3425    .text.Driver_USART0_Transfer  Driver_USART.o
    0x000023b0   0x000023b0   0x00000010   Code   RO         3417    .text.Driver_USART0_Uninitialize  Driver_USART.o
    0x000023c0   0x000023c0   0x00000004   Code   RO           95    .text.ETHERNET_Handler  startup_SSE300MPS3.o
    0x000023c4   0x000023c4   0x00000004   Code   RO          109    .text.ETHOS_U55_Handler  startup_SSE300MPS3.o
    0x000023c8   0x000023c8   0x00000004   Code   RO          119    .text.GPIO0_0_Handler  startup_SSE300MPS3.o
    0x000023cc   0x000023cc   0x00000004   Code   RO          139    .text.GPIO0_10_Handler  startup_SSE300MPS3.o
    0x000023d0   0x000023d0   0x00000004   Code   RO          141    .text.GPIO0_11_Handler  startup_SSE300MPS3.o
    0x000023d4   0x000023d4   0x00000004   Code   RO          143    .text.GPIO0_12_Handler  startup_SSE300MPS3.o
    0x000023d8   0x000023d8   0x00000004   Code   RO          145    .text.GPIO0_13_Handler  startup_SSE300MPS3.o
    0x000023dc   0x000023dc   0x00000004   Code   RO          147    .text.GPIO0_14_Handler  startup_SSE300MPS3.o
    0x000023e0   0x000023e0   0x00000004   Code   RO          149    .text.GPIO0_15_Handler  startup_SSE300MPS3.o
    0x000023e4   0x000023e4   0x00000004   Code   RO          121    .text.GPIO0_1_Handler  startup_SSE300MPS3.o
    0x000023e8   0x000023e8   0x00000004   Code   RO          123    .text.GPIO0_2_Handler  startup_SSE300MPS3.o
    0x000023ec   0x000023ec   0x00000004   Code   RO          125    .text.GPIO0_3_Handler  startup_SSE300MPS3.o
    0x000023f0   0x000023f0   0x00000004   Code   RO          127    .text.GPIO0_4_Handler  startup_SSE300MPS3.o
    0x000023f4   0x000023f4   0x00000004   Code   RO          129    .text.GPIO0_5_Handler  startup_SSE300MPS3.o
    0x000023f8   0x000023f8   0x00000004   Code   RO          131    .text.GPIO0_6_Handler  startup_SSE300MPS3.o
    0x000023fc   0x000023fc   0x00000004   Code   RO          133    .text.GPIO0_7_Handler  startup_SSE300MPS3.o
    0x00002400   0x00002400   0x00000004   Code   RO          135    .text.GPIO0_8_Handler  startup_SSE300MPS3.o
    0x00002404   0x00002404   0x00000004   Code   RO          137    .text.GPIO0_9_Handler  startup_SSE300MPS3.o
    0x00002408   0x00002408   0x00000004   Code   RO          111    .text.GPIO0_Combined_Handler  startup_SSE300MPS3.o
    0x0000240c   0x0000240c   0x00000004   Code   RO          151    .text.GPIO1_0_Handler  startup_SSE300MPS3.o
    0x00002410   0x00002410   0x00000004   Code   RO          171    .text.GPIO1_10_Handler  startup_SSE300MPS3.o
    0x00002414   0x00002414   0x00000004   Code   RO          173    .text.GPIO1_11_Handler  startup_SSE300MPS3.o
    0x00002418   0x00002418   0x00000004   Code   RO          175    .text.GPIO1_12_Handler  startup_SSE300MPS3.o
    0x0000241c   0x0000241c   0x00000004   Code   RO          177    .text.GPIO1_13_Handler  startup_SSE300MPS3.o
    0x00002420   0x00002420   0x00000004   Code   RO          179    .text.GPIO1_14_Handler  startup_SSE300MPS3.o
    0x00002424   0x00002424   0x00000004   Code   RO          181    .text.GPIO1_15_Handler  startup_SSE300MPS3.o
    0x00002428   0x00002428   0x00000004   Code   RO          153    .text.GPIO1_1_Handler  startup_SSE300MPS3.o
    0x0000242c   0x0000242c   0x00000004   Code   RO          155    .text.GPIO1_2_Handler  startup_SSE300MPS3.o
    0x00002430   0x00002430   0x00000004   Code   RO          157    .text.GPIO1_3_Handler  startup_SSE300MPS3.o
    0x00002434   0x00002434   0x00000004   Code   RO          159    .text.GPIO1_4_Handler  startup_SSE300MPS3.o
    0x00002438   0x00002438   0x00000004   Code   RO          161    .text.GPIO1_5_Handler  startup_SSE300MPS3.o
    0x0000243c   0x0000243c   0x00000004   Code   RO          163    .text.GPIO1_6_Handler  startup_SSE300MPS3.o
    0x00002440   0x00002440   0x00000004   Code   RO          165    .text.GPIO1_7_Handler  startup_SSE300MPS3.o
    0x00002444   0x00002444   0x00000004   Code   RO          167    .text.GPIO1_8_Handler  startup_SSE300MPS3.o
    0x00002448   0x00002448   0x00000004   Code   RO          169    .text.GPIO1_9_Handler  startup_SSE300MPS3.o
    0x0000244c   0x0000244c   0x00000004   Code   RO          113    .text.GPIO1_Combined_Handler  startup_SSE300MPS3.o
    0x00002450   0x00002450   0x00000004   Code   RO          183    .text.GPIO2_0_Handler  startup_SSE300MPS3.o
    0x00002454   0x00002454   0x00000004   Code   RO          203    .text.GPIO2_10_Handler  startup_SSE300MPS3.o
    0x00002458   0x00002458   0x00000004   Code   RO          205    .text.GPIO2_11_Handler  startup_SSE300MPS3.o
    0x0000245c   0x0000245c   0x00000004   Code   RO          207    .text.GPIO2_12_Handler  startup_SSE300MPS3.o
    0x00002460   0x00002460   0x00000004   Code   RO          209    .text.GPIO2_13_Handler  startup_SSE300MPS3.o
    0x00002464   0x00002464   0x00000004   Code   RO          211    .text.GPIO2_14_Handler  startup_SSE300MPS3.o
    0x00002468   0x00002468   0x00000004   Code   RO          213    .text.GPIO2_15_Handler  startup_SSE300MPS3.o
    0x0000246c   0x0000246c   0x00000004   Code   RO          185    .text.GPIO2_1_Handler  startup_SSE300MPS3.o
    0x00002470   0x00002470   0x00000004   Code   RO          187    .text.GPIO2_2_Handler  startup_SSE300MPS3.o
    0x00002474   0x00002474   0x00000004   Code   RO          189    .text.GPIO2_3_Handler  startup_SSE300MPS3.o
    0x00002478   0x00002478   0x00000004   Code   RO          191    .text.GPIO2_4_Handler  startup_SSE300MPS3.o
    0x0000247c   0x0000247c   0x00000004   Code   RO          193    .text.GPIO2_5_Handler  startup_SSE300MPS3.o
    0x00002480   0x00002480   0x00000004   Code   RO          195    .text.GPIO2_6_Handler  startup_SSE300MPS3.o
    0x00002484   0x00002484   0x00000004   Code   RO          197    .text.GPIO2_7_Handler  startup_SSE300MPS3.o
    0x00002488   0x00002488   0x00000004   Code   RO          199    .text.GPIO2_8_Handler  startup_SSE300MPS3.o
    0x0000248c   0x0000248c   0x00000004   Code   RO          201    .text.GPIO2_9_Handler  startup_SSE300MPS3.o
    0x00002490   0x00002490   0x00000004   Code   RO          115    .text.GPIO2_Combined_Handler  startup_SSE300MPS3.o
    0x00002494   0x00002494   0x00000004   Code   RO          215    .text.GPIO3_0_Handler  startup_SSE300MPS3.o
    0x00002498   0x00002498   0x00000004   Code   RO          217    .text.GPIO3_1_Handler  startup_SSE300MPS3.o
    0x0000249c   0x0000249c   0x00000004   Code   RO          219    .text.GPIO3_2_Handler  startup_SSE300MPS3.o
    0x000024a0   0x000024a0   0x00000004   Code   RO          221    .text.GPIO3_3_Handler  startup_SSE300MPS3.o
    0x000024a4   0x000024a4   0x00000004   Code   RO          117    .text.GPIO3_Combined_Handler  startup_SSE300MPS3.o
    0x000024a8   0x000024a8   0x00000004   Code   RO            9    .text.HardFault_Handler  startup_SSE300MPS3.o
    0x000024ac   0x000024ac   0x00000004   Code   RO           97    .text.I2S_Handler   startup_SSE300MPS3.o
    0x000024b0   0x000024b0   0x00000004   Code   RO           47    .text.MGMT_PPU_Handler  startup_SSE300MPS3.o
    0x000024b4   0x000024b4   0x00000004   Code   RO           39    .text.MPC_Handler   startup_SSE300MPS3.o
    0x000024b8   0x000024b8   0x00000004   Code   RO           43    .text.MSC_Handler   startup_SSE300MPS3.o
    0x000024bc   0x000024bc   0x00000004   Code   RO           11    .text.MemManage_Handler  startup_SSE300MPS3.o
    0x000024c0   0x000024c0   0x00000004   Code   RO            7    .text.NMI_Handler   startup_SSE300MPS3.o
    0x000024c4   0x000024c4   0x00000004   Code   RO           29    .text.NONSEC_WATCHDOG_Handler  startup_SSE300MPS3.o
    0x000024c8   0x000024c8   0x00000004   Code   RO           27    .text.NONSEC_WATCHDOG_RESET_REQ_Handler  startup_SSE300MPS3.o
    0x000024cc   0x000024cc   0x00000004   Code   RO           41    .text.PPC_Handler   startup_SSE300MPS3.o
    0x000024d0   0x000024d0   0x00000004   Code   RO           23    .text.PendSV_Handler  startup_SSE300MPS3.o
    0x000024d4   0x000024d4   0x00000032   Code   RO          229    .text.Reset_Handler  startup_SSE300MPS3.o
    0x00002506   0x00002506   0x00000002   PAD
    0x00002508   0x00002508   0x00000004   Code   RO           31    .text.SLOWCLK_Timer_Handler  startup_SSE300MPS3.o
    0x0000250c   0x0000250c   0x00000004   Code   RO          103    .text.SPI_ADC_Handler  startup_SSE300MPS3.o
    0x00002510   0x00002510   0x00000004   Code   RO          105    .text.SPI_SHIELD0_Handler  startup_SSE300MPS3.o
    0x00002514   0x00002514   0x00000004   Code   RO          107    .text.SPI_SHIELD1_Handler  startup_SSE300MPS3.o
    0x00002518   0x00002518   0x00000004   Code   RO           19    .text.SVC_Handler   startup_SSE300MPS3.o
    0x0000251c   0x0000251c   0x00000004   Code   RO           49    .text.SYS_PPU_Handler  startup_SSE300MPS3.o
    0x00002520   0x00002520   0x00000004   Code   RO           17    .text.SecureFault_Handler  startup_SSE300MPS3.o
    0x00002524   0x00002524   0x00000004   Code   RO           25    .text.SysTick_Handler  startup_SSE300MPS3.o
    0x00002528   0x00002528   0x00000078   Code   RO          241    .text.SystemInit    system_SSE300MPS3.o
    0x000025a0   0x000025a0   0x00000004   Code   RO           61    .text.System_Timestamp_Counter_Handler  startup_SSE300MPS3.o
    0x000025a4   0x000025a4   0x00000004   Code   RO           33    .text.TFM_TIMER0_IRQ_Handler  startup_SSE300MPS3.o
    0x000025a8   0x000025a8   0x00000004   Code   RO           35    .text.TIMER1_Handler  startup_SSE300MPS3.o
    0x000025ac   0x000025ac   0x00000004   Code   RO           37    .text.TIMER2_Handler  startup_SSE300MPS3.o
    0x000025b0   0x000025b0   0x00000004   Code   RO           55    .text.TIMER3_AON_Handler  startup_SSE300MPS3.o
    0x000025b4   0x000025b4   0x00000004   Code   RO           99    .text.TOUCH_SCREEN_Handler  startup_SSE300MPS3.o
    0x000025b8   0x000025b8   0x00000004   Code   RO           83    .text.UART0_Combined_Handler  startup_SSE300MPS3.o
    0x000025bc   0x000025bc   0x00000004   Code   RO           85    .text.UART1_Combined_Handler  startup_SSE300MPS3.o
    0x000025c0   0x000025c0   0x00000004   Code   RO           87    .text.UART2_Combined_Handler  startup_SSE300MPS3.o
    0x000025c4   0x000025c4   0x00000004   Code   RO           89    .text.UART3_Combined_Handler  startup_SSE300MPS3.o
    0x000025c8   0x000025c8   0x00000004   Code   RO           91    .text.UART4_Combined_Handler  startup_SSE300MPS3.o
    0x000025cc   0x000025cc   0x00000004   Code   RO          227    .text.UART5_Handler  startup_SSE300MPS3.o
    0x000025d0   0x000025d0   0x00000004   Code   RO           93    .text.UARTOVF_Handler  startup_SSE300MPS3.o
    0x000025d4   0x000025d4   0x00000082   Code   RO         3407    .text.UARTRX0_Handler  Driver_USART.o
    0x00002656   0x00002656   0x00000002   PAD
    0x00002658   0x00002658   0x00000082   Code   RO         3439    .text.UARTRX1_Handler  Driver_USART.o
    0x000026da   0x000026da   0x00000002   PAD
    0x000026dc   0x000026dc   0x00000004   Code   RO           71    .text.UARTRX2_Handler  startup_SSE300MPS3.o
    0x000026e0   0x000026e0   0x00000004   Code   RO           75    .text.UARTRX3_Handler  startup_SSE300MPS3.o
    0x000026e4   0x000026e4   0x00000004   Code   RO           79    .text.UARTRX4_Handler  startup_SSE300MPS3.o
    0x000026e8   0x000026e8   0x00000004   Code   RO          223    .text.UARTRX5_Handler  startup_SSE300MPS3.o
    0x000026ec   0x000026ec   0x00000076   Code   RO         3409    .text.UARTTX0_Handler  Driver_USART.o
    0x00002762   0x00002762   0x00000002   PAD
    0x00002764   0x00002764   0x00000076   Code   RO         3441    .text.UARTTX1_Handler  Driver_USART.o
    0x000027da   0x000027da   0x00000002   PAD
    0x000027dc   0x000027dc   0x00000004   Code   RO           73    .text.UARTTX2_Handler  startup_SSE300MPS3.o
    0x000027e0   0x000027e0   0x00000004   Code   RO           77    .text.UARTTX3_Handler  startup_SSE300MPS3.o
    0x000027e4   0x000027e4   0x00000004   Code   RO           81    .text.UARTTX4_Handler  startup_SSE300MPS3.o
    0x000027e8   0x000027e8   0x00000004   Code   RO          225    .text.UARTTX5_Handler  startup_SSE300MPS3.o
    0x000027ec   0x000027ec   0x00000004   Code   RO          101    .text.USB_Handler   startup_SSE300MPS3.o
    0x000027f0   0x000027f0   0x00000004   Code   RO           15    .text.UsageFault_Handler  startup_SSE300MPS3.o
    0x000027f4   0x000027f4   0x00000030   Code   RO         3475    .text.__NVIC_ClearPendingIRQ  Driver_USART.o
    0x00002824   0x00002824   0x00000038   Code   RO         3473    .text.__NVIC_DisableIRQ  Driver_USART.o
    0x0000285c   0x0000285c   0x00000030   Code   RO         3477    .text.__NVIC_EnableIRQ  Driver_USART.o
    0x0000288c   0x0000288c   0x0000004a   Code   RO         3757    .text._sys_close    retarget_io.o
    0x000028d6   0x000028d6   0x00000002   PAD
    0x000028d8   0x000028d8   0x00000048   Code   RO         3767    .text._sys_flen     retarget_io.o
    0x00002920   0x00002920   0x00000048   Code   RO         3763    .text._sys_istty    retarget_io.o
    0x00002968   0x00002968   0x00000084   Code   RO         3755    .text._sys_open     retarget_io.o
    0x000029ec   0x000029ec   0x00000052   Code   RO         3765    .text._sys_seek     retarget_io.o
    0x00002a3e   0x00002a3e   0x00000002   PAD
    0x00002a40   0x00002a40   0x00000076   Code   RO         3759    .text._sys_write    retarget_io.o
    0x00002ab6   0x00002ab6   0x00000002   PAD
    0x00002ab8   0x00002ab8   0x00000198   Code   RO          553    .text.main          main.o
    0x00002c50   0x00002c50   0x0000008e   Code   RO         3555    .text.stdout_init   stdout_USART.o
    0x00002cde   0x00002cde   0x00000002   PAD
    0x00002ce0   0x00002ce0   0x00000052   Code   RO         3557    .text.stdout_putchar  stdout_USART.o
    0x00002d32   0x00002d32   0x00000002   PAD
    0x00002d34   0x00002d34   0x00001120   Code   RO          518    .text.tvmgen_det___tvm_main__  det_lib1.o
    0x00003e54   0x00003e54   0x0000006a   Code   RO          262    .text.tvmgen_det_fused_concatenate  det_lib1.o
    0x00003ebe   0x00003ebe   0x00000002   PAD
    0x00003ec0   0x00003ec0   0x0000006a   Code   RO          264    .text.tvmgen_det_fused_concatenate_1  det_lib1.o
    0x00003f2a   0x00003f2a   0x00000002   PAD
    0x00003f2c   0x00003f2c   0x00000100   Code   RO          266    .text.tvmgen_det_fused_image_resize2d_concatenate  det_lib1.o
    0x0000402c   0x0000402c   0x000000fc   Code   RO          268    .text.tvmgen_det_fused_image_resize2d_concatenate_1  det_lib1.o
    0x00004128   0x00004128   0x000003e8   Code   RO          270    .text.tvmgen_det_fused_nn_conv2d_add  det_lib1.o
    0x00004510   0x00004510   0x000003e8   Code   RO          272    .text.tvmgen_det_fused_nn_conv2d_add_1  det_lib1.o
    0x000048f8   0x000048f8   0x000003e6   Code   RO          274    .text.tvmgen_det_fused_nn_conv2d_add_2  det_lib1.o
    0x00004cde   0x00004cde   0x00000002   PAD
    0x00004ce0   0x00004ce0   0x0000023c   Code   RO          276    .text.tvmgen_det_fused_nn_conv2d_add_3  det_lib1.o
    0x00004f1c   0x00004f1c   0x000001c0   Code   RO          278    .text.tvmgen_det_fused_nn_conv2d_add_add_clip  det_lib1.o
    0x000050dc   0x000050dc   0x000001bc   Code   RO          280    .text.tvmgen_det_fused_nn_conv2d_add_add_clip_1  det_lib1.o
    0x00005298   0x00005298   0x000008b4   Code   RO          282    .text.tvmgen_det_fused_nn_conv2d_add_add_clip_multiply_divide  det_lib1.o
    0x00005b4c   0x00005b4c   0x000007fc   Code   RO          284    .text.tvmgen_det_fused_nn_conv2d_add_add_clip_multiply_divide_1  det_lib1.o
    0x00006348   0x00006348   0x00001030   Code   RO          286    .text.tvmgen_det_fused_nn_conv2d_add_add_clip_multiply_divide_10  det_lib1.o
    0x00007378   0x00007378   0x000007d8   Code   RO          288    .text.tvmgen_det_fused_nn_conv2d_add_add_clip_multiply_divide_11  det_lib1.o
    0x00007b50   0x00007b50   0x00000acc   Code   RO          290    .text.tvmgen_det_fused_nn_conv2d_add_add_clip_multiply_divide_12  det_lib1.o
    0x0000861c   0x0000861c   0x000007e8   Code   RO          292    .text.tvmgen_det_fused_nn_conv2d_add_add_clip_multiply_divide_13  det_lib1.o
    0x00008e04   0x00008e04   0x00000ac0   Code   RO          294    .text.tvmgen_det_fused_nn_conv2d_add_add_clip_multiply_divide_14  det_lib1.o
    0x000098c4   0x000098c4   0x000007e8   Code   RO          296    .text.tvmgen_det_fused_nn_conv2d_add_add_clip_multiply_divide_15  det_lib1.o
    0x0000a0ac   0x0000a0ac   0x00000ac0   Code   RO          298    .text.tvmgen_det_fused_nn_conv2d_add_add_clip_multiply_divide_16  det_lib1.o
    0x0000ab6c   0x0000ab6c   0x000007e8   Code   RO          300    .text.tvmgen_det_fused_nn_conv2d_add_add_clip_multiply_divide_17  det_lib1.o
    0x0000b354   0x0000b354   0x00000ac0   Code   RO          302    .text.tvmgen_det_fused_nn_conv2d_add_add_clip_multiply_divide_18  det_lib1.o
    0x0000be14   0x0000be14   0x000007e8   Code   RO          304    .text.tvmgen_det_fused_nn_conv2d_add_add_clip_multiply_divide_19  det_lib1.o
    0x0000c5fc   0x0000c5fc   0x00000338   Code   RO          306    .text.tvmgen_det_fused_nn_conv2d_add_add_clip_multiply_divide_2  det_lib1.o
    0x0000c934   0x0000c934   0x00000ac0   Code   RO          308    .text.tvmgen_det_fused_nn_conv2d_add_add_clip_multiply_divide_20  det_lib1.o
    0x0000d3f4   0x0000d3f4   0x000007e8   Code   RO          310    .text.tvmgen_det_fused_nn_conv2d_add_add_clip_multiply_divide_21  det_lib1.o
    0x0000dbdc   0x0000dbdc   0x00000ac0   Code   RO          312    .text.tvmgen_det_fused_nn_conv2d_add_add_clip_multiply_divide_22  det_lib1.o
    0x0000e69c   0x0000e69c   0x00000d80   Code   RO          314    .text.tvmgen_det_fused_nn_conv2d_add_add_clip_multiply_divide_23  det_lib1.o
    0x0000f41c   0x0000f41c   0x00000548   Code   RO          316    .text.tvmgen_det_fused_nn_conv2d_add_add_clip_multiply_divide_24  det_lib1.o
    0x0000f964   0x0000f964   0x00001290   Code   RO          318    .text.tvmgen_det_fused_nn_conv2d_add_add_clip_multiply_divide_25  det_lib1.o
    0x00010bf4   0x00010bf4   0x00000548   Code   RO          320    .text.tvmgen_det_fused_nn_conv2d_add_add_clip_multiply_divide_26  det_lib1.o
    0x0001113c   0x0001113c   0x00000ab4   Code   RO          322    .text.tvmgen_det_fused_nn_conv2d_add_add_clip_multiply_divide_27  det_lib1.o
    0x00011bf0   0x00011bf0   0x00000ac4   Code   RO          324    .text.tvmgen_det_fused_nn_conv2d_add_add_clip_multiply_divide_28  det_lib1.o
    0x000126b4   0x000126b4   0x000007e8   Code   RO          326    .text.tvmgen_det_fused_nn_conv2d_add_add_clip_multiply_divide_29  det_lib1.o
    0x00012e9c   0x00012e9c   0x000007e8   Code   RO          328    .text.tvmgen_det_fused_nn_conv2d_add_add_clip_multiply_divide_3  det_lib1.o
    0x00013684   0x00013684   0x00000ac0   Code   RO          330    .text.tvmgen_det_fused_nn_conv2d_add_add_clip_multiply_divide_30  det_lib1.o
    0x00014144   0x00014144   0x000007e8   Code   RO          332    .text.tvmgen_det_fused_nn_conv2d_add_add_clip_multiply_divide_31  det_lib1.o
    0x0001492c   0x0001492c   0x00000ac4   Code   RO          334    .text.tvmgen_det_fused_nn_conv2d_add_add_clip_multiply_divide_32  det_lib1.o
    0x000153f0   0x000153f0   0x0000102c   Code   RO          336    .text.tvmgen_det_fused_nn_conv2d_add_add_clip_multiply_divide_33  det_lib1.o
    0x0001641c   0x0001641c   0x000010d4   Code   RO          338    .text.tvmgen_det_fused_nn_conv2d_add_add_clip_multiply_divide_34  det_lib1.o
    0x000174f0   0x000174f0   0x00001028   Code   RO          340    .text.tvmgen_det_fused_nn_conv2d_add_add_clip_multiply_divide_35  det_lib1.o
    0x00018518   0x00018518   0x000010d4   Code   RO          342    .text.tvmgen_det_fused_nn_conv2d_add_add_clip_multiply_divide_36  det_lib1.o
    0x000195ec   0x000195ec   0x00001024   Code   RO          344    .text.tvmgen_det_fused_nn_conv2d_add_add_clip_multiply_divide_37  det_lib1.o
    0x0001a610   0x0001a610   0x000010d0   Code   RO          346    .text.tvmgen_det_fused_nn_conv2d_add_add_clip_multiply_divide_38  det_lib1.o
    0x0001b6e0   0x0001b6e0   0x00001030   Code   RO          348    .text.tvmgen_det_fused_nn_conv2d_add_add_clip_multiply_divide_39  det_lib1.o
    0x0001c710   0x0001c710   0x00000348   Code   RO          350    .text.tvmgen_det_fused_nn_conv2d_add_add_clip_multiply_divide_4  det_lib1.o
    0x0001ca58   0x0001ca58   0x000010d4   Code   RO          352    .text.tvmgen_det_fused_nn_conv2d_add_add_clip_multiply_divide_40  det_lib1.o
    0x0001db2c   0x0001db2c   0x0000102c   Code   RO          354    .text.tvmgen_det_fused_nn_conv2d_add_add_clip_multiply_divide_41  det_lib1.o
    0x0001eb58   0x0001eb58   0x00001020   Code   RO          356    .text.tvmgen_det_fused_nn_conv2d_add_add_clip_multiply_divide_42  det_lib1.o
    0x0001fb78   0x0001fb78   0x000007dc   Code   RO          358    .text.tvmgen_det_fused_nn_conv2d_add_add_clip_multiply_divide_43  det_lib1.o
    0x00020354   0x00020354   0x00000ac0   Code   RO          360    .text.tvmgen_det_fused_nn_conv2d_add_add_clip_multiply_divide_44  det_lib1.o
    0x00020e14   0x00020e14   0x000007e8   Code   RO          362    .text.tvmgen_det_fused_nn_conv2d_add_add_clip_multiply_divide_45  det_lib1.o
    0x000215fc   0x000215fc   0x00000ac0   Code   RO          364    .text.tvmgen_det_fused_nn_conv2d_add_add_clip_multiply_divide_46  det_lib1.o
    0x000220bc   0x000220bc   0x000007e8   Code   RO          366    .text.tvmgen_det_fused_nn_conv2d_add_add_clip_multiply_divide_47  det_lib1.o
    0x000228a4   0x000228a4   0x00000ac0   Code   RO          368    .text.tvmgen_det_fused_nn_conv2d_add_add_clip_multiply_divide_48  det_lib1.o
    0x00023364   0x00023364   0x000007e4   Code   RO          370    .text.tvmgen_det_fused_nn_conv2d_add_add_clip_multiply_divide_49  det_lib1.o
    0x00023b48   0x00023b48   0x00000800   Code   RO          372    .text.tvmgen_det_fused_nn_conv2d_add_add_clip_multiply_divide_5  det_lib1.o
    0x00024348   0x00024348   0x00000ac4   Code   RO          374    .text.tvmgen_det_fused_nn_conv2d_add_add_clip_multiply_divide_50  det_lib1.o
    0x00024e0c   0x00024e0c   0x000007e8   Code   RO          376    .text.tvmgen_det_fused_nn_conv2d_add_add_clip_multiply_divide_51  det_lib1.o
    0x000255f4   0x000255f4   0x00000ac0   Code   RO          378    .text.tvmgen_det_fused_nn_conv2d_add_add_clip_multiply_divide_52  det_lib1.o
    0x000260b4   0x000260b4   0x00000ab8   Code   RO          380    .text.tvmgen_det_fused_nn_conv2d_add_add_clip_multiply_divide_53  det_lib1.o
    0x00026b6c   0x00026b6c   0x00000d74   Code   RO          382    .text.tvmgen_det_fused_nn_conv2d_add_add_clip_multiply_divide_54  det_lib1.o
    0x000278e0   0x000278e0   0x00000aac   Code   RO          384    .text.tvmgen_det_fused_nn_conv2d_add_add_clip_multiply_divide_55  det_lib1.o
    0x0002838c   0x0002838c   0x00000d98   Code   RO          386    .text.tvmgen_det_fused_nn_conv2d_add_add_clip_multiply_divide_56  det_lib1.o
    0x00029124   0x00029124   0x00000aac   Code   RO          388    .text.tvmgen_det_fused_nn_conv2d_add_add_clip_multiply_divide_57  det_lib1.o
    0x00029bd0   0x00029bd0   0x00000d98   Code   RO          390    .text.tvmgen_det_fused_nn_conv2d_add_add_clip_multiply_divide_58  det_lib1.o
    0x0002a968   0x0002a968   0x00000aa8   Code   RO          392    .text.tvmgen_det_fused_nn_conv2d_add_add_clip_multiply_divide_59  det_lib1.o
    0x0002b410   0x0002b410   0x00000348   Code   RO          394    .text.tvmgen_det_fused_nn_conv2d_add_add_clip_multiply_divide_6  det_lib1.o
    0x0002b758   0x0002b758   0x00000d90   Code   RO          396    .text.tvmgen_det_fused_nn_conv2d_add_add_clip_multiply_divide_60  det_lib1.o
    0x0002c4e8   0x0002c4e8   0x00000ab0   Code   RO          398    .text.tvmgen_det_fused_nn_conv2d_add_add_clip_multiply_divide_61  det_lib1.o
    0x0002cf98   0x0002cf98   0x00000d98   Code   RO          400    .text.tvmgen_det_fused_nn_conv2d_add_add_clip_multiply_divide_62  det_lib1.o
    0x0002dd30   0x0002dd30   0x00000aac   Code   RO          402    .text.tvmgen_det_fused_nn_conv2d_add_add_clip_multiply_divide_63  det_lib1.o
    0x0002e7dc   0x0002e7dc   0x00000aa4   Code   RO          404    .text.tvmgen_det_fused_nn_conv2d_add_add_clip_multiply_divide_64  det_lib1.o
    0x0002f280   0x0002f280   0x000006d8   Code   RO          406    .text.tvmgen_det_fused_nn_conv2d_add_add_clip_multiply_divide_65  det_lib1.o
    0x0002f958   0x0002f958   0x000006dc   Code   RO          408    .text.tvmgen_det_fused_nn_conv2d_add_add_clip_multiply_divide_66  det_lib1.o
    0x00030034   0x00030034   0x000002e8   Code   RO          410    .text.tvmgen_det_fused_nn_conv2d_add_add_clip_multiply_divide_67  det_lib1.o
    0x0003031c   0x0003031c   0x000006e8   Code   RO          412    .text.tvmgen_det_fused_nn_conv2d_add_add_clip_multiply_divide_68  det_lib1.o
    0x00030a04   0x00030a04   0x000002e8   Code   RO          414    .text.tvmgen_det_fused_nn_conv2d_add_add_clip_multiply_divide_69  det_lib1.o
    0x00030cec   0x00030cec   0x000007e8   Code   RO          416    .text.tvmgen_det_fused_nn_conv2d_add_add_clip_multiply_divide_7  det_lib1.o
    0x000314d4   0x000314d4   0x000006e8   Code   RO          418    .text.tvmgen_det_fused_nn_conv2d_add_add_clip_multiply_divide_70  det_lib1.o
    0x00031bbc   0x00031bbc   0x000002e4   Code   RO          420    .text.tvmgen_det_fused_nn_conv2d_add_add_clip_multiply_divide_71  det_lib1.o
    0x00031ea0   0x00031ea0   0x000002e0   Code   RO          422    .text.tvmgen_det_fused_nn_conv2d_add_add_clip_multiply_divide_72  det_lib1.o
    0x00032180   0x00032180   0x00001818   Code   RO          424    .text.tvmgen_det_fused_nn_conv2d_add_add_clip_multiply_divide_73  det_lib1.o
    0x00033998   0x00033998   0x00001818   Code   RO          426    .text.tvmgen_det_fused_nn_conv2d_add_add_clip_multiply_divide_74  det_lib1.o
    0x000351b0   0x000351b0   0x00001814   Code   RO          428    .text.tvmgen_det_fused_nn_conv2d_add_add_clip_multiply_divide_75  det_lib1.o
    0x000369c4   0x000369c4   0x000004c8   Code   RO          430    .text.tvmgen_det_fused_nn_conv2d_add_add_clip_multiply_divide_76  det_lib1.o
    0x00036e8c   0x00036e8c   0x00001030   Code   RO          432    .text.tvmgen_det_fused_nn_conv2d_add_add_clip_multiply_divide_8  det_lib1.o
    0x00037ebc   0x00037ebc   0x000010f4   Code   RO          434    .text.tvmgen_det_fused_nn_conv2d_add_add_clip_multiply_divide_9  det_lib1.o
    0x00038fb0   0x00038fb0   0x000002fc   Code   RO          436    .text.tvmgen_det_fused_nn_conv2d_add_add_clip_multiply_divide_add  det_lib1.o
    0x000392ac   0x000392ac   0x00000188   Code   RO          438    .text.tvmgen_det_fused_nn_conv2d_add_nn_relu  det_lib1.o
    0x00039434   0x00039434   0x00000188   Code   RO          440    .text.tvmgen_det_fused_nn_conv2d_add_nn_relu_1  det_lib1.o
    0x000395bc   0x000395bc   0x0000016c   Code   RO          442    .text.tvmgen_det_fused_nn_conv2d_add_sigmoid  det_lib1.o
    0x00039728   0x00039728   0x0000016c   Code   RO          444    .text.tvmgen_det_fused_nn_conv2d_add_sigmoid_1  det_lib1.o
    0x00039894   0x00039894   0x0000016c   Code   RO          446    .text.tvmgen_det_fused_nn_conv2d_add_sigmoid_2  det_lib1.o
    0x00039a00   0x00039a00   0x00000168   Code   RO          448    .text.tvmgen_det_fused_nn_conv2d_add_sigmoid_3  det_lib1.o
    0x00039b68   0x00039b68   0x000002b4   Code   RO          450    .text.tvmgen_det_fused_nn_conv2d_add_sigmoid_4  det_lib1.o
    0x00039e1c   0x00039e1c   0x000002b4   Code   RO          452    .text.tvmgen_det_fused_nn_conv2d_add_sigmoid_5  det_lib1.o
    0x0003a0d0   0x0003a0d0   0x000002b4   Code   RO          454    .text.tvmgen_det_fused_nn_conv2d_add_sigmoid_6  det_lib1.o
    0x0003a384   0x0003a384   0x0000015a   Code   RO          456    .text.tvmgen_det_fused_nn_conv2d_add_sigmoid_7  det_lib1.o
    0x0003a4de   0x0003a4de   0x00000002   PAD
    0x0003a4e0   0x0003a4e0   0x0000073e   Code   RO          458    .text.tvmgen_det_fused_nn_conv2d_add_sigmoid_multiply_sqrt  det_lib1.o
    0x0003ac1e   0x0003ac1e   0x00000002   PAD
    0x0003ac20   0x0003ac20   0x0000073e   Code   RO          460    .text.tvmgen_det_fused_nn_conv2d_add_sigmoid_multiply_sqrt_1  det_lib1.o
    0x0003b35e   0x0003b35e   0x00000002   PAD
    0x0003b360   0x0003b360   0x00000468   Code   RO          462    .text.tvmgen_det_fused_nn_conv2d_add_sigmoid_multiply_sqrt_2  det_lib1.o
    0x0003b7c8   0x0003b7c8   0x00000276   Code   RO          464    .text.tvmgen_det_fused_nn_conv2d_add_sigmoid_multiply_sqrt_3  det_lib1.o
    0x0003ba3e   0x0003ba3e   0x00000002   PAD
    0x0003ba40   0x0003ba40   0x000000d4   Code   RO          466    .text.tvmgen_det_fused_nn_global_avg_pool2d  det_lib1.o
    0x0003bb14   0x0003bb14   0x000000d8   Code   RO          468    .text.tvmgen_det_fused_nn_global_avg_pool2d_1  det_lib1.o
    0x0003bbec   0x0003bbec   0x000000d4   Code   RO          470    .text.tvmgen_det_fused_nn_global_avg_pool2d_2  det_lib1.o
    0x0003bcc0   0x0003bcc0   0x000000d4   Code   RO          472    .text.tvmgen_det_fused_nn_global_avg_pool2d_3  det_lib1.o
    0x0003bd94   0x0003bd94   0x000000d4   Code   RO          474    .text.tvmgen_det_fused_nn_global_avg_pool2d_4  det_lib1.o
    0x0003be68   0x0003be68   0x000000cc   Code   RO          476    .text.tvmgen_det_fused_nn_global_avg_pool2d_5  det_lib1.o
    0x0003bf34   0x0003bf34   0x00000086   Code   RO          478    .text.tvmgen_det_fused_nn_matmul  det_lib1.o
    0x0003bfba   0x0003bfba   0x00000002   PAD
    0x0003bfbc   0x0003bfbc   0x00000086   Code   RO          480    .text.tvmgen_det_fused_nn_matmul_1  det_lib1.o
    0x0003c042   0x0003c042   0x00000002   PAD
    0x0003c044   0x0003c044   0x00000086   Code   RO          482    .text.tvmgen_det_fused_nn_matmul_2  det_lib1.o
    0x0003c0ca   0x0003c0ca   0x00000002   PAD
    0x0003c0cc   0x0003c0cc   0x00000084   Code   RO          484    .text.tvmgen_det_fused_nn_matmul_3  det_lib1.o
    0x0003c150   0x0003c150   0x00000176   Code   RO          486    .text.tvmgen_det_fused_nn_softmax  det_lib1.o
    0x0003c2c6   0x0003c2c6   0x00000002   PAD
    0x0003c2c8   0x0003c2c8   0x00000176   Code   RO          488    .text.tvmgen_det_fused_nn_softmax_1  det_lib1.o
    0x0003c43e   0x0003c43e   0x00000002   PAD
    0x0003c440   0x0003c440   0x0000016e   Code   RO          490    .text.tvmgen_det_fused_nn_softmax_2  det_lib1.o
    0x0003c5ae   0x0003c5ae   0x00000002   PAD
    0x0003c5b0   0x0003c5b0   0x0000016a   Code   RO          492    .text.tvmgen_det_fused_nn_softmax_3  det_lib1.o
    0x0003c71a   0x0003c71a   0x00000002   PAD
    0x0003c71c   0x0003c71c   0x000001f8   Code   RO          494    .text.tvmgen_det_fused_reshape_reshape_reshape_reshape_concatenate  det_lib1.o
    0x0003c914   0x0003c914   0x000000ae   Code   RO          496    .text.tvmgen_det_fused_squeeze_expand_dims_multiply_layout_transform  det_lib1.o
    0x0003c9c2   0x0003c9c2   0x00000002   PAD
    0x0003c9c4   0x0003c9c4   0x000000aa   Code   RO          498    .text.tvmgen_det_fused_squeeze_expand_dims_multiply_layout_transform_1  det_lib1.o
    0x0003ca6e   0x0003ca6e   0x00000002   PAD
    0x0003ca70   0x0003ca70   0x000000b4   Code   RO          500    .text.tvmgen_det_fused_squeeze_expand_dims_multiply_layout_transform_2  det_lib1.o
    0x0003cb24   0x0003cb24   0x000000b4   Code   RO          502    .text.tvmgen_det_fused_squeeze_expand_dims_multiply_layout_transform_3  det_lib1.o
    0x0003cbd8   0x0003cbd8   0x000000b4   Code   RO          504    .text.tvmgen_det_fused_squeeze_expand_dims_multiply_layout_transform_4  det_lib1.o
    0x0003cc8c   0x0003cc8c   0x000000de   Code   RO          506    .text.tvmgen_det_fused_squeeze_expand_dims_multiply_layout_transform_5  det_lib1.o
    0x0003cd6a   0x0003cd6a   0x00000002   PAD
    0x0003cd6c   0x0003cd6c   0x0000048a   Code   RO          508    .text.tvmgen_det_fused_squeeze_reshape_squeeze_reshape_squeeze_reshape_squeeze_reshape_concatenat_3778f7e529c91271_  det_lib1.o
    0x0003d1f6   0x0003d1f6   0x00000002   PAD
    0x0003d1f8   0x0003d1f8   0x00000088   Code   RO          510    .text.tvmgen_det_fused_transpose_reshape  det_lib1.o
    0x0003d280   0x0003d280   0x00000088   Code   RO          512    .text.tvmgen_det_fused_transpose_reshape_1  det_lib1.o
    0x0003d308   0x0003d308   0x00000086   Code   RO          514    .text.tvmgen_det_fused_transpose_reshape_2  det_lib1.o
    0x0003d38e   0x0003d38e   0x00000002   PAD
    0x0003d390   0x0003d390   0x00000084   Code   RO          516    .text.tvmgen_det_fused_transpose_reshape_3  det_lib1.o
    0x0003d414   0x0003d414   0x00000030   Code   RO          252    .text.tvmgen_det_run  det_lib0.o
    0x0003d444   0x0003d444   0x00000056   Code   RO         3736    .text.uart_cmsdk_clear_interrupt  uart_cmsdk_drv.o
    0x0003d49a   0x0003d49a   0x00000002   PAD
    0x0003d49c   0x0003d49c   0x00000068   Code   RO         3710    .text.uart_cmsdk_init  uart_cmsdk_drv.o
    0x0003d504   0x0003d504   0x00000028   Code   RO         3714    .text.uart_cmsdk_irq_rx_disable  uart_cmsdk_drv.o
    0x0003d52c   0x0003d52c   0x0000003a   Code   RO         3732    .text.uart_cmsdk_irq_rx_enable  uart_cmsdk_drv.o
    0x0003d566   0x0003d566   0x00000002   PAD
    0x0003d568   0x0003d568   0x00000028   Code   RO         3716    .text.uart_cmsdk_irq_tx_disable  uart_cmsdk_drv.o
    0x0003d590   0x0003d590   0x0000003a   Code   RO         3728    .text.uart_cmsdk_irq_tx_enable  uart_cmsdk_drv.o
    0x0003d5ca   0x0003d5ca   0x00000002   PAD
    0x0003d5cc   0x0003d5cc   0x0000003a   Code   RO         3724    .text.uart_cmsdk_read  uart_cmsdk_drv.o
    0x0003d606   0x0003d606   0x00000002   PAD
    0x0003d608   0x0003d608   0x00000028   Code   RO         3744    .text.uart_cmsdk_rx_disable  uart_cmsdk_drv.o
    0x0003d630   0x0003d630   0x0000003a   Code   RO         3742    .text.uart_cmsdk_rx_enable  uart_cmsdk_drv.o
    0x0003d66a   0x0003d66a   0x00000002   PAD
    0x0003d66c   0x0003d66c   0x00000030   Code   RO         3734    .text.uart_cmsdk_rx_ready  uart_cmsdk_drv.o
    0x0003d69c   0x0003d69c   0x0000006c   Code   RO         3718    .text.uart_cmsdk_set_baudrate  uart_cmsdk_drv.o
    0x0003d708   0x0003d708   0x00000028   Code   RO         3740    .text.uart_cmsdk_tx_disable  uart_cmsdk_drv.o
    0x0003d730   0x0003d730   0x0000003a   Code   RO         3738    .text.uart_cmsdk_tx_enable  uart_cmsdk_drv.o
    0x0003d76a   0x0003d76a   0x00000002   PAD
    0x0003d76c   0x0003d76c   0x0000003a   Code   RO         3726    .text.uart_cmsdk_write  uart_cmsdk_drv.o
    0x0003d7a6   0x0003d7a6   0x0000003e   Code   RO         4282    CL$$btod_d2e        c_w.l(btod.o)
    0x0003d7e4   0x0003d7e4   0x00000046   Code   RO         4284    CL$$btod_d2e_denorm_low  c_w.l(btod.o)
    0x0003d82a   0x0003d82a   0x00000060   Code   RO         4283    CL$$btod_d2e_norm_op1  c_w.l(btod.o)
    0x0003d88a   0x0003d88a   0x00000002   PAD
    0x0003d88c   0x0003d88c   0x00000338   Code   RO         4292    CL$$btod_div_common  c_w.l(btod.o)
    0x0003dbc4   0x0003dbc4   0x000000dc   Code   RO         4289    CL$$btod_e2e        c_w.l(btod.o)
    0x0003dca0   0x0003dca0   0x0000002a   Code   RO         4286    CL$$btod_ediv       c_w.l(btod.o)
    0x0003dcca   0x0003dcca   0x0000002a   Code   RO         4285    CL$$btod_emul       c_w.l(btod.o)
    0x0003dcf4   0x0003dcf4   0x00000244   Code   RO         4291    CL$$btod_mult_common  c_w.l(btod.o)
    0x0003df38   0x0003df38   0x00000030   Code   RO         4000    i.__ARM_fpclassify  m_wv.l(fpclassify.o)
    0x0003df68   0x0003df68   0x00000026   Code   RO         4002    i.__ARM_fpclassifyf  m_wv.l(fpclassifyf.o)
    0x0003df8e   0x0003df8e   0x00000002   PAD
    0x0003df90   0x0003df90   0x000001ec   Code   RO         3822    i.__hardfp_expf     m_wv.l(expf.o)
    0x0003e17c   0x0003e17c   0x0000003a   Code   RO         3856    i.__hardfp_sqrtf    m_wv.l(sqrtf.o)
    0x0003e1b6   0x0003e1b6   0x00000006   Code   RO         4005    i.__mathlib_flt_infnan  m_wv.l(funder.o)
    0x0003e1bc   0x0003e1bc   0x00000010   Code   RO         4008    i.__mathlib_flt_overflow  m_wv.l(funder.o)
    0x0003e1cc   0x0003e1cc   0x00000010   Code   RO         4010    i.__mathlib_flt_underflow  m_wv.l(funder.o)
    0x0003e1dc   0x0003e1dc   0x0000000e   Code   RO         3930    i._is_digit         c_w.l(__printf_wp.o)
    0x0003e1ea   0x0003e1ea   0x0000001c   Code   RO         4142    i.fputc             c_w.l(fputc.o)
    0x0003e206   0x0003e206   0x00000002   PAD
    0x0003e208   0x0003e208   0x0000002c   Code   RO         4313    locale$$code        c_w.l(lc_numeric_c.o)
    0x0003e234   0x0003e234   0x0000002c   Code   RO         4365    locale$$code        c_w.l(lc_ctype_c.o)
    0x0003e260   0x0003e260   0x0000001e   Code   RO         4338    x$fpl$fpinit        fz_wv.l(fpinit_81m.o)
    0x0003e27e   0x0003e27e   0x00000004   Code   RO         3977    x$fpl$printf1       fz_wv.l(printf1.o)
    0x0003e282   0x0003e282   0x00000004   Code   RO         3979    x$fpl$printf2       fz_wv.l(printf2.o)
    0x0003e286   0x0003e286   0x00000000   Code   RO         3985    x$fpl$usenofp       fz_wv.l(usenofp.o)
    0x0003e286   0x0003e286   0x00000002   PAD
    0x0003e288   0x0003e288   0x00000030   Data   RO         3825    .constdata          m_wv.l(expf.o)
    0x0003e2b8   0x0003e2b8   0x00000008   Data   RO         3888    .constdata          c_w.l(_printf_wctomb.o)
    0x0003e2c0   0x0003e2c0   0x00000028   Data   RO         3917    .constdata          c_w.l(_printf_hex_int_ll_ptr.o)
    0x0003e2e8   0x0003e2e8   0x00000011   Data   RO         3938    .constdata          c_w.l(__printf_flags_ss_wp.o)
    0x0003e2f9   0x0003e2f9   0x00000026   Data   RO         4130    .constdata          c_w.l(_printf_fp_hex.o)
    0x0003e31f   0x0003e31f   0x00000001   PAD
    0x0003e320   0x0003e320   0x00000094   Data   RO         4280    .constdata          c_w.l(bigflt0.o)
    0x0003e3b4   0x0003e3b4   0x00000004   Data   RO          561    .rodata..L__const.main.rec_inputs  main.o
    0x0003e3b8   0x0003e3b8   0x00000008   Data   RO          560    .rodata..L__const.main.rec_outputs  main.o
    0x0003e3c0   0x0003e3c0   0x00000004   Data   RO         3498    .rodata.DriverCapabilities  Driver_USART.o
    0x0003e3c4   0x0003e3c4   0x00000004   Data   RO         3497    .rodata.DriverVersion  Driver_USART.o
    0x0003e3c8   0x0003e3c8   0x00000038   Data   RO         3494    .rodata.Driver_USART0  Driver_USART.o
    0x0003e400   0x0003e400   0x00000008   Data   RO         3317    .rodata.UART0_CMSDK_DEV_CFG_S  device_definition.o
    0x0003e408   0x0003e408   0x00000008   Data   RO         3320    .rodata.UART1_CMSDK_DEV_CFG_S  device_definition.o
    0x0003e410   0x0003e410   0x00000008   Data   RO         3771    .rodata.__stderr_name  retarget_io.o
    0x0003e418   0x0003e418   0x00000007   Data   RO         3769    .rodata.__stdin_name  retarget_io.o
    0x0003e41f   0x0003e41f   0x00000008   Data   RO         3770    .rodata.__stdout_name  retarget_io.o
    0x0003e427   0x0003e427   0x00000044   Data   RO          555    .rodata.str1.1      main.o
    0x0003e46b   0x0003e46b   0x00000017   Data   RO         3772    .rodata.str1.1      retarget_io.o
    0x0003e482   0x0003e482   0x00000002   PAD
    0x0003e484   0x0003e484   0x00000050   Data   RO         4431    Region$$Table       anon$$obj.o
    0x0003e4d4   0x0003e4d4   0x0000001c   Data   RO         4312    locale$$data        c_w.l(lc_numeric_c.o)
    0x0003e4f0   0x0003e4f0   0x00000110   Data   RO         4364    locale$$data        c_w.l(lc_ctype_c.o)


    Execution Region dtcm.bin (Exec base: 0x20000000, Load base: 0x0003e600, Size: 0x000001e0, Max: 0x00060000, ABSOLUTE)

    Exec Addr    Load Addr    Size         Type   Attr      Idx    E Section Name        Object

    0x20000000   0x0003e600   0x00000004   Data   RW         3790    .data               c_w.l(stdio_streams.o)
    0x20000004   0x0003e604   0x00000004   Data   RW         3791    .data               c_w.l(stdio_streams.o)
    0x20000008   0x0003e608   0x00000004   Data   RW         3792    .data               c_w.l(stdio_streams.o)
    0x2000000c   0x0003e60c   0x00000024   Data   RW         3493    .data.Driver_USART0_DEV  Driver_USART.o
    0x20000030   0x0003e630   0x00000024   Data   RW         3495    .data.Driver_USART1_DEV  Driver_USART.o
    0x20000054   0x0003e654   0x00000004   Data   RW          244    .data.PeripheralClock  system_SSE300MPS3.o
    0x20000058   0x0003e658   0x00000004   Data   RW          243    .data.SystemCoreClock  system_SSE300MPS3.o
    0x2000005c   0x0003e65c   0x00000008   Data   RW         3319    .data.UART0_CMSDK_DEV_S  device_definition.o
    0x20000064   0x0003e664   0x00000008   Data   RW         3322    .data.UART1_CMSDK_DEV_S  device_definition.o
    0x2000006c        -       0x00000054   Zero   RW         3787    .bss                c_w.l(stdio_streams.o)
    0x200000c0        -       0x00000054   Zero   RW         3788    .bss                c_w.l(stdio_streams.o)
    0x20000114        -       0x00000054   Zero   RW         3789    .bss                c_w.l(stdio_streams.o)
    0x20000168        -       0x00000060   Zero   RW         4234    .bss                c_w.l(libspace.o)
    0x200001c8        -       0x0000000c   Zero   RW         3318    .bss.UART0_CMSDK_DEV_DATA_S  device_definition.o
    0x200001d4        -       0x0000000c   Zero   RW         3321    .bss.UART1_CMSDK_DEV_DATA_S  device_definition.o


    Execution Region ARM_LIB_STACK (Exec base: 0x20060000, Load base: 0x0003e670, Size: 0x00008000, Max: 0x00008000, ABSOLUTE)

    Exec Addr    Load Addr    Size         Type   Attr      Idx    E Section Name        Object

    0x20060000        -       0x00008000   Zero   RW            1    ARM_LIB_STACK.bss   anon$$obj.o


    Execution Region isram.bin (Exec base: 0x31000000, Load base: 0x0003e670, Size: 0x00000000, Max: 0x00200000, ABSOLUTE, UNINIT)

    **** No section assigned to this execution region ****



  Load Region LOAD_REGION_1 (Base: 0x60000000, Size: 0x0054fbe0, Max: 0x02000000, ABSOLUTE, COMPRESSED[0x004a0cdc])

    Execution Region bram.bin (Exec base: 0x11000000, Load base: 0x604a0cdc, Size: 0x00000000, Max: 0x00040000, ABSOLUTE)

    **** No section assigned to this execution region ****


    Execution Region ARM_LIB_HEAP (Exec base: 0x11040000, Load base: 0x604a0cdc, Size: 0x000c0000, Max: 0x000c0000, ABSOLUTE)

    Exec Addr    Load Addr    Size         Type   Attr      Idx    E Section Name        Object

    0x11040000        -       0x000c0000   Zero   RW            2    ARM_LIB_HEAP.bss    anon$$obj.o


    Execution Region ddr.bin (Exec base: 0x60000000, Load base: 0x60000000, Size: 0x00c242e0, Max: 0x02000000, ABSOLUTE, COMPRESSED[0x004a0cdc])

    Exec Addr    Load Addr    Size         Type   Attr      Idx    E Section Name        Object

    0x60000000   COMPRESSED   0x000cc510   Data   RW          557    .data.tvm           main.o
    0x600cc510   COMPRESSED   0x004836d0   Data   RW          254    .rodata.tvm         det_lib0.o
    0x6054fbe0        -       0x006d4700   Zero   RW          255    .bss.noinit.tvm     det_lib0.o


    Execution Region runtime_model (Exec base: 0x90000000, Load base: 0x604a0cdc, Size: 0x02000000, Max: 0x02000000, ABSOLUTE)

    Exec Addr    Load Addr    Size         Type   Attr      Idx    E Section Name        Object

    0x90000000        -       0x02000000   Zero   RW            3    runtime_model.bss   anon$$obj.o


    Execution Region runtime_ifm (Exec base: 0x92000000, Load base: 0x604a0cdc, Size: 0x01000000, Max: 0x01000000, ABSOLUTE)

    Exec Addr    Load Addr    Size         Type   Attr      Idx    E Section Name        Object

    0x92000000        -       0x01000000   Zero   RW            4    runtime_ifm.bss     anon$$obj.o


    Execution Region runtime_ofm (Exec base: 0x93000000, Load base: 0x604a0cdc, Size: 0x01000000, Max: 0x01000000, ABSOLUTE)

    Exec Addr    Load Addr    Size         Type   Attr      Idx    E Section Name        Object

    0x93000000        -       0x01000000   Zero   RW            5    runtime_ofm.bss     anon$$obj.o


==============================================================================

Image component sizes


      Code (inc. data)   RO Data    RW Data    ZI Data      Debug   Object Name

      1982         26         64         72          0      13820   Driver_USART.o
        48          0          0    4732624    7161600      10445   det_lib0.o
    239290       1056          0          0          0     425818   det_lib1.o
         0          0         16         16         24       7916   device_definition.o
       408          8         80     836880          0       4384   main.o
       550          0         46          0          0       2300   retarget_io.o
       478          0        588          0          0      10258   startup_SSE300MPS3.o
       224          0          0          0          0       1280   stdout_USART.o
       120          0          0          8          0       2280   system_SSE300MPS3.o
       854          0          0          0          0       5124   uart_cmsdk_drv.o

    ----------------------------------------------------------------------
    244034       1090        876    5569600   75089688     483625   Object Totals
         0          0         80          0   67928064          0   (incl. Generated)
        80          0          2          0          0          0   (incl. Padding)

    ----------------------------------------------------------------------

      Code (inc. data)   RO Data    RW Data    ZI Data      Debug   Library Member Name

        90          0          0          0          0          0   __dczerorl2.o
         8          0          0          0          0         68   __main.o
       392          4         17          0          0         92   __printf_flags_ss_wp.o
        14          0          0          0          0         68   __printf_wp.o
         0          0          0          0          0          0   __rtentry.o
        12          0          0          0          0          0   __rtentry2.o
         8          4          0          0          0          0   __rtentry7.o
        52          8          0          0          0          0   __scatter.o
        26          0          0          0          0          0   __scatter_copy.o
        28          0          0          0          0          0   __scatter_zi.o
        72          0          0          0          0         96   _c16rtomb.o
         6          0          0          0          0          0   _printf_a.o
         6          0          0          0          0          0   _printf_c.o
        44          0          0          0          0        108   _printf_char.o
        48          6          0          0          0         96   _printf_char_common.o
        36          4          0          0          0         80   _printf_char_file.o
        40          0          0          0          0         68   _printf_charcount.o
         6          0          0          0          0          0   _printf_d.o
       120         16          0          0          0         92   _printf_dec.o
         6          0          0          0          0          0   _printf_e.o
         6          0          0          0          0          0   _printf_f.o
      1052          0          0          0          0        148   _printf_fp_dec.o
       764          8         38          0          0        100   _printf_fp_hex.o
       128         16          0          0          0         84   _printf_fp_infnan.o
         6          0          0          0          0          0   _printf_g.o
       148          4         40          0          0        160   _printf_hex_int_ll_ptr.o
         6          0          0          0          0          0   _printf_i.o
       178          0          0          0          0         88   _printf_intcommon.o
        10          0          0          0          0          0   _printf_l.o
         6          0          0          0          0          0   _printf_lc.o
        10          0          0          0          0          0   _printf_ll.o
         6          0          0          0          0          0   _printf_lld.o
         6          0          0          0          0          0   _printf_lli.o
         6          0          0          0          0          0   _printf_llo.o
         6          0          0          0          0          0   _printf_llu.o
         6          0          0          0          0          0   _printf_llx.o
       124         16          0          0          0         92   _printf_longlong_dec.o
         6          0          0          0          0          0   _printf_ls.o
         6          0          0          0          0          0   _printf_n.o
         6          0          0          0          0          0   _printf_o.o
       112          8          0          0          0        124   _printf_oct_int_ll.o
         6          0          0          0          0          0   _printf_p.o
        78          0          0          0          0        108   _printf_pad.o
         0          0          0          0          0          0   _printf_percent.o
         4          0          0          0          0          0   _printf_percent_end.o
         6          0          0          0          0          0   _printf_s.o
        82          0          0          0          0         80   _printf_str.o
        36          0          0          0          0         84   _printf_truncate.o
         6          0          0          0          0          0   _printf_u.o
        44          0          0          0          0        108   _printf_wchar.o
       188          6          8          0          0         92   _printf_wctomb.o
         6          0          0          0          0          0   _printf_x.o
        22          0          0          0          0        100   _rserrno.o
       228          4        148          0          0         96   bigflt0.o
      1936        128          0          0          0        668   btod.o
        10          0          0          0          0         68   defsig_exit.o
        50          0          0          0          0         88   defsig_general.o
        80         58          0          0          0         76   defsig_rtmem_inner.o
        14          0          0          0          0         80   defsig_rtmem_outer.o
        52         38          0          0          0         76   defsig_rtred_inner.o
        14          0          0          0          0         80   defsig_rtred_outer.o
        18          0          0          0          0         80   exit.o
        76          0          0          0          0         88   fclose.o
         8          0          0          0          0         68   ferror.o
       482          0          0          0          0         92   flsbuf.o
       240          6          0          0          0        128   fopen.o
        28          0          0          0          0         68   fputc.o
       248          6          0          0          0         84   fseek.o
        66          0          0          0          0         76   ftell.o
        94          0          0          0          0         80   h1_alloc.o
        52          0          0          0          0         68   h1_extend.o
        78          0          0          0          0         80   h1_free.o
        14          0          0          0          0         84   h1_init.o
         4          0          0          0          0        136   hguard.o
         0          0          0          0          0          0   indicate_semi.o
       138          0          0          0          0        168   init_alloc.o
       312         46          0          0          0        112   initio.o
        44         10        272          0          0         76   lc_ctype_c.o
        44         10         28          0          0         76   lc_numeric_c.o
         2          0          0          0          0          0   libinit.o
        38          0          0          0          0          0   libinit2.o
        16          8          0          0          0          0   libinit5.o
         2          0          0          0          0          0   libshutdown.o
         6          0          0          0          0          0   libshutdown2.o
         0          0          0          0         96          0   libspace.o
       138          0          0          0          0         80   lludiv10.o
         0          0          0          0          0          0   maybetermalloc1.o
        24          4          0          0          0         84   printf.o
        16          4          0          0          0         76   rt_ctype_table.o
         8          4          0          0          0         68   rt_errno_addr_intlibspace.o
         8          4          0          0          0         68   rt_heap_descriptor_intlibspace.o
         8          4          0          0          0         68   rt_locale_intlibspace.o
        78          0          0          0          0         80   rt_memclr_w.o
         2          0          0          0          0          0   rtexit.o
        10          0          0          0          0          0   rtexit2.o
        70          0          0          0          0         80   setvbuf.o
       240          6          0          0          0        156   stdio.o
         0          0          0         12        252          0   stdio_streams.o
       124          0          0          0          0         88   strcmpv8m_maindsp.o
        12          4          0          0          0         68   sys_exit.o
        14          0          0          0          0         76   sys_wrch.o
         2          0          0          0          0         68   use_no_semi.o
        30          0          0          0          0        164   fpinit_81m.o
         4          0          0          0          0        116   printf1.o
         4          0          0          0          0        116   printf2.o
         0          0          0          0          0          0   usenofp.o
       492         62         48          0          0        236   expf.o
        48          0          0          0          0        124   fpclassify.o
        38          0          0          0          0        116   fpclassifyf.o
        38         12          0          0          0        348   funder.o
        58          0          0          0          0        136   sqrtf.o

    ----------------------------------------------------------------------
      9978        518        600         12        348       7348   Library Totals
        28          0          1          0          0          0   (incl. Padding)

    ----------------------------------------------------------------------

      Code (inc. data)   RO Data    RW Data    ZI Data      Debug   Library Name

      9238        444        551         12        348       5992   c_w.l
        38          0          0          0          0        396   fz_wv.l
       674         74         48          0          0        960   m_wv.l

    ----------------------------------------------------------------------
      9978        518        600         12        348       7348   Library Totals

    ----------------------------------------------------------------------

==============================================================================


      Code (inc. data)   RO Data    RW Data    ZI Data      Debug   

    254012       1608       1476    5569612   75090036     487005   Grand Totals
    254012       1608       1476    4853064   75090036     487005   ELF Image Totals (compressed)
    254012       1608       1476    4853064          0          0   ROM Totals

==============================================================================

    Total RO  Size (Code + RO Data)               255488 ( 249.50kB)
    Total RW  Size (RW Data + ZI Data)          80659648 (78769.19kB)
    Total ROM Size (Code + RO Data + RW Data)    5108552 (4988.82kB)

==============================================================================

